Component: ARM Compiler 5.06 update 7 (build 960) Tool: armlink [4d3601]

==============================================================================

Section Cross References

    startup_stm32g431xx.o(STACK) refers (Special) to heapauxi.o(.text) for __use_two_region_memory
    startup_stm32g431xx.o(HEAP) refers (Special) to heapauxi.o(.text) for __use_two_region_memory
    startup_stm32g431xx.o(RESET) refers (Special) to heapauxi.o(.text) for __use_two_region_memory
    startup_stm32g431xx.o(RESET) refers to startup_stm32g431xx.o(STACK) for __initial_sp
    startup_stm32g431xx.o(RESET) refers to startup_stm32g431xx.o(.text) for Reset_Handler
    startup_stm32g431xx.o(RESET) refers to stm32g4xx_it.o(i.NMI_Handler) for NMI_Handler
    startup_stm32g431xx.o(RESET) refers to stm32g4xx_it.o(i.HardFault_Handler) for HardFault_Handler
    startup_stm32g431xx.o(RESET) refers to stm32g4xx_it.o(i.MemManage_Handler) for MemManage_Handler
    startup_stm32g431xx.o(RESET) refers to stm32g4xx_it.o(i.BusFault_Handler) for BusFault_Handler
    startup_stm32g431xx.o(RESET) refers to stm32g4xx_it.o(i.UsageFault_Handler) for UsageFault_Handler
    startup_stm32g431xx.o(RESET) refers to stm32g4xx_it.o(i.SVC_Handler) for SVC_Handler
    startup_stm32g431xx.o(RESET) refers to stm32g4xx_it.o(i.DebugMon_Handler) for DebugMon_Handler
    startup_stm32g431xx.o(RESET) refers to stm32g4xx_it.o(i.PendSV_Handler) for PendSV_Handler
    startup_stm32g431xx.o(RESET) refers to stm32g4xx_it.o(i.SysTick_Handler) for SysTick_Handler
    startup_stm32g431xx.o(RESET) refers to stm32g4xx_it.o(i.DMA1_Channel1_IRQHandler) for DMA1_Channel1_IRQHandler
    startup_stm32g431xx.o(RESET) refers to stm32g4xx_it.o(i.USART1_IRQHandler) for USART1_IRQHandler
    startup_stm32g431xx.o(RESET) refers to stm32g4xx_it.o(i.USART2_IRQHandler) for USART2_IRQHandler
    startup_stm32g431xx.o(RESET) refers to stm32g4xx_it.o(i.USART3_IRQHandler) for USART3_IRQHandler
    startup_stm32g431xx.o(RESET) refers to stm32g4xx_it.o(i.TIM6_DAC_IRQHandler) for TIM6_DAC_IRQHandler
    startup_stm32g431xx.o(RESET) refers to stm32g4xx_it.o(i.TIM7_IRQHandler) for TIM7_IRQHandler
    startup_stm32g431xx.o(.text) refers (Special) to heapauxi.o(.text) for __use_two_region_memory
    startup_stm32g431xx.o(.text) refers to system_stm32g4xx.o(i.SystemInit) for SystemInit
    startup_stm32g431xx.o(.text) refers to __main.o(!!!main) for __main
    startup_stm32g431xx.o(.text) refers to startup_stm32g431xx.o(HEAP) for Heap_Mem
    startup_stm32g431xx.o(.text) refers to startup_stm32g431xx.o(STACK) for Stack_Mem
    main.o(i.HAL_TIM_PeriodElapsedCallback) refers to tick.o(.data) for TickCnt
    main.o(i.HAL_TIM_PeriodElapsedCallback) refers to main.o(.data) for .data
    main.o(i.HAL_TIM_PeriodElapsedCallback) refers to servo_move.o(.data) for Tracking_Start_Flag
    main.o(i.HAL_TIM_PeriodElapsedCallback) refers to servo_move.o(.data) for Tracking_CNT
    main.o(i.HAL_TIM_PeriodElapsedCallback) refers to servo_move.o(.data) for Tracking_Enable
    main.o(i.HAL_UART_RxCpltCallback) refers to stm32g4xx_hal_uart.o(i.HAL_UART_Receive_IT) for HAL_UART_Receive_IT
    main.o(i.HAL_UART_RxCpltCallback) refers to ring_buffer.o(i.RingBuffer_Push) for RingBuffer_Push
    main.o(i.HAL_UART_RxCpltCallback) refers to stm32g4xx_hal_uart.o(i.HAL_UART_Receive_DMA) for HAL_UART_Receive_DMA
    main.o(i.HAL_UART_RxCpltCallback) refers to main.o(.data) for .data
    main.o(i.HAL_UART_RxCpltCallback) refers to usart.o(.bss) for huart1
    main.o(i.HAL_UART_RxCpltCallback) refers to uart_servo_lite.o(.bss) for usart1
    main.o(i.HAL_UART_RxCpltCallback) refers to variable.o(.data) for Rx_Byte
    main.o(i.HAL_UART_RxCpltCallback) refers to variable.o(.data) for id_Flag_1
    main.o(i.HAL_UART_RxCpltCallback) refers to variable.o(.data) for id_Flag_2
    main.o(i.HAL_UART_RxCpltCallback) refers to variable.o(.bss) for Get_Vofa_RxData
    main.o(i.HAL_UART_RxCpltCallback) refers to variable.o(.data) for Data_BitNum
    main.o(i.HAL_UART_RxCpltCallback) refers to variable.o(.data) for PID_RxFlag
    main.o(i.HAL_UART_RxCpltCallback) refers to variable.o(.bss) for Get_On_or_off
    main.o(i.HAL_UART_RxCpltCallback) refers to variable.o(.data) for On_or_off_RxFlag
    main.o(i.HAL_UART_RxCpltCallback) refers to main.o(.bss) for .bss
    main.o(i.SystemClock_Config) refers to rt_memclr_w.o(.text) for __aeabi_memclr4
    main.o(i.SystemClock_Config) refers to stm32g4xx_hal_pwr_ex.o(i.HAL_PWREx_ControlVoltageScaling) for HAL_PWREx_ControlVoltageScaling
    main.o(i.SystemClock_Config) refers to stm32g4xx_hal_rcc.o(i.HAL_RCC_OscConfig) for HAL_RCC_OscConfig
    main.o(i.SystemClock_Config) refers to stm32g4xx_hal_rcc.o(i.HAL_RCC_ClockConfig) for HAL_RCC_ClockConfig
    main.o(i.main) refers to stm32g4xx_hal.o(i.HAL_Init) for HAL_Init
    main.o(i.main) refers to main.o(i.SystemClock_Config) for SystemClock_Config
    main.o(i.main) refers to gpio.o(i.MX_GPIO_Init) for MX_GPIO_Init
[...]
    .constdata                               0x08005a3a   Section      552  oledfont.o(.constdata)
    .constdata                               0x08005c62   Section     1504  oledfont.o(.constdata)
    .data                                    0x20000000   Section       19  main.o(.data)
    PID_RxState                              0x20000004   Data           1  main.o(.data)
    PID_pRxPacket                            0x20000005   Data           1  main.o(.data)
    On_or_off_RxState                        0x20000006   Data           1  main.o(.data)
    On_or_off_pRxPacket                      0x20000007   Data           1  main.o(.data)
    HeadBagRecv_Flag                         0x20000008   Data           1  main.o(.data)
    DataRecv_Flag                            0x20000009   Data           1  main.o(.data)
    Recv_time                                0x2000000a   Data           1  main.o(.data)
    .data                                    0x20000013   Section        1  main.o(.data)
    .data                                    0x20000014   Section        1  main.o(.data)
    .data                                    0x20000015   Section        1  main.o(.data)
    .data                                    0x20000018   Section       12  stm32g4xx_hal.o(.data)
    .data                                    0x20000024   Section        4  system_stm32g4xx.o(.data)
    .data                                    0x20000028   Section       29  oled.o(.data)
    Restart_Flag                             0x20000028   Data           1  oled.o(.data)
    .data                                    0x20000048   Section        4  oled.o(.data)
    .data                                    0x2000004c   Section        4  oled.o(.data)
    .data                                    0x20000050   Section        4  oled.o(.data)
    .data                                    0x20000054   Section        4  tick.o(.data)
    .data                                    0x20000058   Section        4  uart_servo_lite.o(.data)
    .data                                    0x2000005c   Section        1  variable.o(.data)
    .data                                    0x2000005d   Section        1  variable.o(.data)
    .data                                    0x2000005e   Section        1  variable.o(.data)
    .data                                    0x2000005f   Section        1  variable.o(.data)
    .data                                    0x20000060   Section        1  variable.o(.data)
    .data                                    0x20000061   Section        1  variable.o(.data)
    .data                                    0x20000062   Section        1  variable.o(.data)
    .data                                    0x20000063   Section        1  variable.o(.data)
    .data                                    0x20000064   Section       60  servo_move.o(.data)
    last_error                               0x20000064   Data           4  servo_move.o(.data)
    integral                                 0x20000068   Data           4  servo_move.o(.data)
    Now_OriginAngle                          0x2000006c   Data           4  servo_move.o(.data)
    .data                                    0x200000a0   Section        2  servo_move.o(.data)
    .data                                    0x200000a2   Section        2  servo_move.o(.data)
    .data                                    0x200000a4   Section        2  servo_move.o(.data)
    .bss                                     0x200000a8   Section       20  main.o(.bss)
    .bss                                     0x200000bc   Section       84  i2c.o(.bss)
    .bss                                     0x20000110   Section      152  tim.o(.bss)
    .bss                                     0x200001a8   Section      540  usart.o(.bss)
    .bss                                     0x200003c4   Section       36  oled.o(.bss)
    .bss                                     0x200003e8   Section      501  uart_servo_lite.o(.bss)
    .bss                                     0x200005dd   Section      501  uart_servo_lite.o(.bss)
    .bss                                     0x200007d4   Section       12  uart_servo_lite.o(.bss)
    .bss                                     0x200007e0   Section       12  uart_servo_lite.o(.bss)
    .bss                                     0x200007ec   Section       12  uart_servo_lite.o(.bss)
    .bss                                     0x200007f8   Section      100  variable.o(.bss)
    .bss                                     0x2000085c   Section      100  variable.o(.bss)
    .bss                                     0x200008c0   Section       32  variable.o(.bss)
    .bss                                     0x200008e0   Section       56  servo_move.o(.bss)
    .bss                                     0x20000918   Section      128  servo_move.o(.bss)
    .bss                                     0x20000998   Section       96  libspace.o(.bss)
    HEAP                                     0x200009f8   Section      512  startup_stm32g431xx.o(HEAP)
    Heap_Mem                                 0x200009f8   Data         512  startup_stm32g431xx.o(HEAP)
    STACK                                    0x20000bf8   Section     1024  startup_stm32g431xx.o(STACK)
    Stack_Mem                                0x20000bf8   Data        1024  startup_stm32g431xx.o(STACK)
    __initial_sp                             0x20000ff8   Data           0  startup_stm32g431xx.o(STACK)

    Global Symbols

    Symbol Name                              Value     Ov Type        Size  Object(Section)

    BuildAttributes$$THM_ISAv4$E$P$D$K$B$S$7EM$VFPi3$EXTD16$VFPS$VFMA$PE$A:L22UL41UL21$X:L11$S22US41US21$IEEE1$IW$USESV6$~STKCKD$USESV7$~SHL$OSPACE$ROPI$EBA8$UX$STANDARDLIB$REQ8$PRES8$EABIv2 0x00000000   Number         0  anon$$obj.o ABSOLUTE
    __ARM_use_no_argv                        0x00000000   Number         0  main.o ABSOLUTE
    _printf_flags                            0x00000000   Number         0  printf_stubs.o ABSOLUTE
    _printf_return_value                     0x00000000   Number         0  printf_stubs.o ABSOLUTE
    _printf_sizespec                         0x00000000   Number         0  printf_stubs.o ABSOLUTE
    _printf_widthprec                        0x00000000   Number         0  printf_stubs.o ABSOLUTE
    __ARM_exceptions_init                     - Undefined Weak Reference
    __alloca_initialize                       - Undefined Weak Reference
    __arm_fini_                               - Undefined Weak Reference
    __arm_preinit_                            - Undefined Weak Reference
    __cpp_initialize__aeabi_                  - Undefined Weak Reference
    __cxa_finalize                            - Undefined Weak Reference
    __rt_locale                               - Undefined Weak Reference
    __sigvec_lookup                           - Undefined Weak Reference
    _atexit_init                              - Undefined Weak Reference
    _call_atexit_fns                          - Undefined Weak Reference
    _clock_init                               - Undefined Weak Reference
    _fp_trap_init                             - Undefined Weak Reference
    _fp_trap_shutdown                         - Undefined Weak Reference
    _get_lc_collate                           - Undefined Weak Reference
    _get_lc_ctype                             - Undefined Weak Reference
    _get_lc_monetary                          - Undefined Weak Reference
    _get_lc_numeric                           - Undefined Weak Reference
    _get_lc_time                              - Undefined Weak Reference
    _getenv_init                              - Undefined Weak Reference
    _handle_redirection                       - Undefined Weak Reference
    _init_alloc                               - Undefined Weak Reference
    _init_user_alloc                          - Undefined Weak Reference
    _initio                                   - Undefined Weak Reference
    _printf_truncate_signed                   - Undefined Weak Reference
    _printf_truncate_unsigned                 - Undefined Weak Reference
    _rand_init                                - Undefined Weak Reference
    _signal_finish                            - Undefined Weak Reference
    _signal_init                              - Undefined Weak Reference
    _terminate_alloc                          - Undefined Weak Reference
    _terminate_user_alloc                     - Undefined Weak Reference
    _terminateio                              - Undefined Weak Reference
    __Vectors_Size                           0x000001d8   Number         0  startup_stm32g431xx.o ABSOLUTE
    __Vectors                                0x08000000   Data           4  startup_stm32g431xx.o(RESET)
    __Vectors_End                            0x080001d8   Data           0  startup_stm32g431xx.o(RESET)
    __main                                   0x080001d9   Thumb Code     8  __main.o(!!!main)
    __scatterload                            0x080001e1   Thumb Code     0  __scatter.o(!!!scatter)
    __scatterload_rt2                        0x080001e1   Thumb Code    44  __scatter.o(!!!scatter)
    __scatterload_rt2_thumb_only             0x080001e1   Thumb Code     0  __scatter.o(!!!scatter)
    __scatterload_null                       0x080001ef   Thumb Code     0  __scatter.o(!!!scatter)
    __scatterload_copy                       0x08000215   Thumb Code    26  __scatter_copy.o(!!handler_copy)
    __scatterload_zeroinit                   0x08000231   Thumb Code    28  __scatter_zi.o(!!handler_zi)
    _printf_d                                0x0800024d   Thumb Code     0  _printf_d.o(.ARM.Collect$$_printf_percent$$00000009)
    _printf_percent                          0x0800024d   Thumb Code     0  _printf_percent.o(.ARM.Collect$$_printf_percent$$00000000)
    _printf_percent_end                      0x08000253   Thumb Code     0  _printf_percent_end.o(.ARM.Collect$$_printf_percent$$00000017)
    __rt_lib_init                            0x08000257   Thumb Code     0  libinit.o(.ARM.Collect$$libinit$$00000000)
    __rt_lib_init_fp_1                       0x08000259   Thumb Code     0  libinit2.o(.ARM.Collect$$libinit$$00000001)
    __rt_lib_init_alloca_1                   0x0800025d   Thumb Code     0  libinit2.o(.ARM.Collect$$libinit$$0000002E)
    __rt_lib_init_argv_1                     0x0800025d   Thumb Code     0  libinit2.o(.ARM.Collect$$libinit$$0000002C)
    __rt_lib_init_atexit_1                   0x0800025d   Thumb Code     0  libinit2.o(.ARM.Collect$$libinit$$0000001B)
    __rt_lib_init_clock_1                    0x0800025d   Thumb Code     0  libinit2.o(.ARM.Collect$$libinit$$00000021)
    __rt_lib_init_cpp_1                      0x0800025d   Thumb Code     0  libinit2.o(.ARM.Collect$$libinit$$00000032)
    __rt_lib_init_exceptions_1               0x0800025d   Thumb Code     0  libinit2.o(.ARM.Collect$$libinit$$00000030)
    __rt_lib_init_fp_trap_1                  0x0800025d   Thumb Code     0  libinit2.o(.ARM.Collect$$libinit$$0000001F)
    __rt_lib_init_getenv_1                   0x0800025d   Thumb Code     0  libinit2.o(.ARM.Collect$$libinit$$00000023)
    __rt_lib_init_heap_1                     0x0800025d   Thumb Code     0  libinit2.o(.ARM.Collect$$libinit$$0000000A)
    __rt_lib_init_lc_collate_1               0x0800025d   Thumb Code     0  libinit2.o(.ARM.Collect$$libinit$$00000011)
    __rt_lib_init_lc_ctype_1                 0x0800025d   Thumb Code     0  libinit2.o(.ARM.Collect$$libinit$$00000013)
    __rt_lib_init_lc_monetary_1              0x0800025d   Thumb Code     0  libinit2.o(.ARM.Collect$$libinit$$00000015)
    __rt_lib_init_lc_numeric_1               0x0800025d   Thumb Code     0  libinit2.o(.ARM.Collect$$libinit$$00000017)
    __rt_lib_init_lc_time_1                  0x0800025d   Thumb Code     0  libinit2.o(.ARM.Collect$$libinit$$00000019)
    __rt_lib_init_preinit_1                  0x0800025d   Thumb Code     0  libinit2.o(.ARM.Collect$$libinit$$00000004)
    __rt_lib_init_rand_1                     0x0800025d   Thumb Code     0  libinit2.o(.ARM.Collect$$libinit$$0000000E)
    __rt_lib_init_return                     0x0800025d   Thumb Code     0  libinit2.o(.ARM.Collect$$libinit$$00000033)
    __rt_lib_init_signal_1                   0x0800025d   Thumb Code     0  libinit2.o(.ARM.Collect$$libinit$$0000001D)
    __rt_lib_init_stdio_1                    0x0800025d   Thumb Code     0  libinit2.o(.ARM.Collect$$libinit$$00000025)
    __rt_lib_init_user_alloc_1               0x0800025d   Thumb Code     0  libinit2.o(.ARM.Collect$$libinit$$0000000C)
    __rt_lib_shutdown                        0x0800025f   Thumb Code     0  libshutdown.o(.ARM.Collect$$libshutdown$$00000000)
    __rt_lib_shutdown_cpp_1                  0x08000261   Thumb Code     0  libshutdown2.o(.ARM.Collect$$libshutdown$$00000004)
    __rt_lib_shutdown_fini_1                 0x08000261   Thumb Code     0  libshutdown2.o(.ARM.Collect$$libshutdown$$00000002)
    __rt_lib_shutdown_fp_trap_1              0x08000261   Thumb Code     0  libshutdown2.o(.ARM.Collect$$libshutdown$$00000009)
    __rt_lib_shutdown_heap_1                 0x08000261   Thumb Code     0  libshutdown2.o(.ARM.Collect$$libshutdown$$00000011)
    __rt_lib_shutdown_return                 0x08000261   Thumb Code     0  libshutdown2.o(.ARM.Collect$$libshutdown$$00000012)
    __rt_lib_shutdown_signal_1               0x08000261   Thumb Code     0  libshutdown2.o(.ARM.Collect$$libshutdown$$0000000C)
    __rt_lib_shutdown_stdio_1                0x08000261   Thumb Code     0  libshutdown2.o(.ARM.Collect$$libshutdown$$00000006)
    __rt_lib_shutdown_user_alloc_1           0x08000261   Thumb Code     0  libshutdown2.o(.ARM.Collect$$libshutdown$$0000000E)
    __rt_entry                               0x08000263   Thumb Code     0  __rtentry.o(.ARM.Collect$$rtentry$$00000000)
    __rt_entry_presh_1                       0x08000263   Thumb Code     0  __rtentry2.o(.ARM.Collect$$rtentry$$00000002)
    __rt_entry_sh                            0x08000263   Thumb Code     0  __rtentry4.o(.ARM.Collect$$rtentry$$00000004)
    __rt_entry_li                            0x08000269   Thumb Code     0  __rtentry2.o(.ARM.Collect$$rtentry$$0000000A)
    __rt_entry_postsh_1                      0x08000269   Thumb Code     0  __rtentry2.o(.ARM.Collect$$rtentry$$00000009)
    __rt_entry_main                          0x0800026d   Thumb Code     0  __rtentry2.o(.ARM.Collect$$rtentry$$0000000D)
    __rt_entry_postli_1                      0x0800026d   Thumb Code     0  __rtentry2.o(.ARM.Collect$$rtentry$$0000000C)
    __rt_exit                                0x08000275   Thumb Code     0  rtexit.o(.ARM.Collect$$rtexit$$00000000)
    __rt_exit_ls                             0x08000277   Thumb Code     0  rtexit2.o(.ARM.Collect$$rtexit$$00000003)
    __rt_exit_prels_1                        0x08000277   Thumb Code     0  rtexit2.o(.ARM.Collect$$rtexit$$00000002)
    __rt_exit_exit                           0x0800027b   Thumb Code     0  rtexit2.o(.ARM.Collect$$rtexit$$00000004)
    Reset_Handler                            0x08000281   Thumb Code     8  startup_stm32g431xx.o(.text)
    ADC1_2_IRQHandler                        0x0800029b   Thumb Code     0  startup_stm32g431xx.o(.text)
    COMP1_2_3_IRQHandler                     0x0800029b   Thumb Code     0  startup_stm32g431xx.o(.text)
    COMP4_IRQHandler                         0x0800029b   Thumb Code     0  startup_stm32g431xx.o(.text)
    CORDIC_IRQHandler                        0x0800029b   Thumb Code     0  startup_stm32g431xx.o(.text)
    CRS_IRQHandler                           0x0800029b   Thumb Code     0  startup_stm32g431xx.o(.text)
    DMA1_Channel2_IRQHandler                 0x0800029b   Thumb Code     0  startup_stm32g431xx.o(.text)
    DMA1_Channel3_IRQHandler                 0x0800029b   Thumb Code     0  startup_stm32g431xx.o(.text)
    DMA1_Channel4_IRQHandler                 0x0800029b   Thumb Code     0  startup_stm32g431xx.o(.text)
    DMA1_Channel5_IRQHandler                 0x0800029b   Thumb Code     0  startup_stm32g431xx.o(.text)
    DMA1_Channel6_IRQHandler                 0x0800029b   Thumb Code     0  startup_stm32g431xx.o(.text)
    DMA2_Channel1_IRQHandler                 0x0800029b   Thumb Code     0  startup_stm32g431xx.o(.text)
    DMA2_Channel2_IRQHandler                 0x0800029b   Thumb Code     0  startup_stm32g431xx.o(.text)
    DMA2_Channel3_IRQHandler                 0x0800029b   Thumb Code     0  startup_stm32g431xx.o(.text)
    DMA2_Channel4_IRQHandler                 0x0800029b   Thumb Code     0  startup_stm32g431xx.o(.text)
    DMA2_Channel5_IRQHandler                 0x0800029b   Thumb Code     0  startup_stm32g431xx.o(.text)
    DMA2_Channel6_IRQHandler                 0x0800029b   Thumb Code     0  startup_stm32g431xx.o(.text)
    DMAMUX_OVR_IRQHandler                    0x0800029b   Thumb Code     0  startup_stm32g431xx.o(.text)
    EXTI0_IRQHandler                         0x0800029b   Thumb Code     0  startup_stm32g431xx.o(.text)
    EXTI15_10_IRQHandler                     0x0800029b   Thumb Code     0  startup_stm32g431xx.o(.text)
    EXTI1_IRQHandler                         0x0800029b   Thumb Code     0  startup_stm32g431xx.o(.text)
    EXTI2_IRQHandler                         0x0800029b   Thumb Code     0  startup_stm32g431xx.o(.text)
    EXTI3_IRQHandler                         0x0800029b   Thumb Code     0  startup_stm32g431xx.o(.text)
    EXTI4_IRQHandler                         0x0800029b   Thumb Code     0  startup_stm32g431xx.o(.text)
    EXTI9_5_IRQHandler                       0x0800029b   Thumb Code     0  startup_stm32g431xx.o(.text)
    FDCAN1_IT0_IRQHandler                    0x0800029b   Thumb Code     0  startup_stm32g431xx.o(.text)
    FDCAN1_IT1_IRQHandler                    0x0800029b   Thumb Code     0  startup_stm32g431xx.o(.text)
    FLASH_IRQHandler                         0x0800029b   Thumb Code     0  startup_stm32g431xx.o(.text)
    FMAC_IRQHandler                          0x0800029b   Thumb Code     0  startup_stm32g431xx.o(.text)
    FPU_IRQHandler                           0x0800029b   Thumb Code     0  startup_stm32g431xx.o(.text)
    I2C1_ER_IRQHandler                       0x0800029b   Thumb Code     0  startup_stm32g431xx.o(.text)
    I2C1_EV_IRQHandler                       0x0800029b   Thumb Code     0  startup_stm32g431xx.o(.text)
    I2C2_ER_IRQHandler                       0x0800029b   Thumb Code     0  startup_stm32g431xx.o(.text)
    I2C2_EV_IRQHandler                       0x0800029b   Thumb Code     0  startup_stm32g431xx.o(.text)
    I2C3_ER_IRQHandler                       0x0800029b   Thumb Code     0  startup_stm32g431xx.o(.text)
    I2C3_EV_IRQHandler                       0x0800029b   Thumb Code     0  startup_stm32g431xx.o(.text)
    LPTIM1_IRQHandler                        0x0800029b   Thumb Code     0  startup_stm32g431xx.o(.text)
    LPUART1_IRQHandler                       0x0800029b   Thumb Code     0  startup_stm32g431xx.o(.text)
    PVD_PVM_IRQHandler                       0x0800029b   Thumb Code     0  startup_stm32g431xx.o(.text)
    RCC_IRQHandler                           0x0800029b   Thumb Code     0  startup_stm32g431xx.o(.text)
    RNG_IRQHandler                           0x0800029b   Thumb Code     0  startup_stm32g431xx.o(.text)
    RTC_Alarm_IRQHandler                     0x0800029b   Thumb Code     0  startup_stm32g431xx.o(.text)
    RTC_TAMP_LSECSS_IRQHandler               0x0800029b   Thumb Code     0  startup_stm32g431xx.o(.text)
    RTC_WKUP_IRQHandler                      0x0800029b   Thumb Code     0  startup_stm32g431xx.o(.text)
    SAI1_IRQHandler                          0x0800029b   Thumb Code     0  startup_stm32g431xx.o(.text)
    SPI1_IRQHandler                          0x0800029b   Thumb Code     0  startup_stm32g431xx.o(.text)
    SPI2_IRQHandler                          0x0800029b   Thumb Code     0  startup_stm32g431xx.o(.text)
    SPI3_IRQHandler                          0x0800029b   Thumb Code     0  startup_stm32g431xx.o(.text)
    TIM1_BRK_TIM15_IRQHandler                0x0800029b   Thumb Code     0  startup_stm32g431xx.o(.text)
    TIM1_CC_IRQHandler                       0x0800029b   Thumb Code     0  startup_stm32g431xx.o(.text)
    TIM1_TRG_COM_TIM17_IRQHandler            0x0800029b   Thumb Code     0  startup_stm32g431xx.o(.text)
    TIM1_UP_TIM16_IRQHandler                 0x0800029b   Thumb Code     0  startup_stm32g431xx.o(.text)
    TIM2_IRQHandler                          0x0800029b   Thumb Code     0  startup_stm32g431xx.o(.text)
    TIM3_IRQHandler                          0x0800029b   Thumb Code     0  startup_stm32g431xx.o(.text)
    TIM4_IRQHandler                          0x0800029b   Thumb Code     0  startup_stm32g431xx.o(.text)
    TIM8_BRK_IRQHandler                      0x0800029b   Thumb Code     0  startup_stm32g431xx.o(.text)
    TIM8_CC_IRQHandler                       0x0800029b   Thumb Code     0  startup_stm32g431xx.o(.text)
    TIM8_TRG_COM_IRQHandler                  0x0800029b   Thumb Code     0  startup_stm32g431xx.o(.text)
    TIM8_UP_IRQHandler                       0x0800029b   Thumb Code     0  startup_stm32g431xx.o(.text)
    UART4_IRQHandler                         0x0800029b   Thumb Code     0  startup_stm32g431xx.o(.text)
    UCPD1_IRQHandler                         0x0800029b   Thumb Code     0  startup_stm32g431xx.o(.text)
    USBWakeUp_IRQHandler                     0x0800029b   Thumb Code     0  startup_stm32g431xx.o(.text)
    USB_HP_IRQHandler                        0x0800029b   Thumb Code     0  startup_stm32g431xx.o(.text)
    USB_LP_IRQHandler                        0x0800029b   Thumb Code     0  startup_stm32g431xx.o(.text)
    WWDG_IRQHandler                          0x0800029b   Thumb Code     0  startup_stm32g431xx.o(.text)
    __user_initial_stackheap                 0x0800029d   Thumb Code     0  startup_stm32g431xx.o(.text)
    __aeabi_uldivmod                         0x080002c1   Thumb Code     0  lludivv7m.o(.text)
    _ll_udiv                                 0x080002c1   Thumb Code   238  lludivv7m.o(.text)
    __2sprintf                               0x080003b1   Thumb Code    34  noretval__2sprintf.o(.text)
    _printf_pre_padding                      0x080003d9   Thumb Code    44  _printf_pad.o(.text)
    _printf_post_padding                     0x08000405   Thumb Code    34  _printf_pad.o(.text)
    _printf_int_dec                          0x08000429   Thumb Code   104  _printf_dec.o(.text)
    __printf                                 0x080004a1   Thumb Code   270  __printf_wp.o(.text)
    __aeabi_memclr4                          0x080005af   Thumb Code     0  rt_memclr_w.o(.text)
    __aeabi_memclr8                          0x080005af   Thumb Code     0  rt_memclr_w.o(.text)
    __rt_memclr_w                            0x080005af   Thumb Code    78  rt_memclr_w.o(.text)
    _memset_w                                0x080005b3   Thumb Code     0  rt_memclr_w.o(.text)
    __use_two_region_memory                  0x080005fd   Thumb Code     2  heapauxi.o(.text)
    __rt_heap_escrow$2region                 0x080005ff   Thumb Code     2  heapauxi.o(.text)
    __rt_heap_expand$2region                 0x08000601   Thumb Code     2  heapauxi.o(.text)
    _printf_int_common                       0x08000603   Thumb Code   178  _printf_intcommon.o(.text)
    _printf_char_common                      0x080006bf   Thumb Code    32  _printf_char_common.o(.text)
    _sputc                                   0x080006e5   Thumb Code    10  _sputc.o(.text)
    __user_setup_stackheap                   0x080006ef   Thumb Code    74  sys_stackheap_outer.o(.text)
    exit                                     0x08000739   Thumb Code    18  exit.o(.text)
    __user_libspace                          0x0800074d   Thumb Code     8  libspace.o(.text)
    __user_perproc_libspace                  0x0800074d   Thumb Code     0  libspace.o(.text)
    __user_perthread_libspace                0x0800074d   Thumb Code     0  libspace.o(.text)
    _sys_exit                                0x08000755   Thumb Code     8  sys_exit.o(.text)
    __I$use$semihosting                      0x08000761   Thumb Code     0  use_no_semi.o(.text)
    __use_no_semihosting_swi                 0x08000761   Thumb Code     2  use_no_semi.o(.text)
    BusFault_Handler                         0x08000763   Thumb Code     2  stm32g4xx_it.o(i.BusFault_Handler)
    __semihosting_library_function           0x08000763   Thumb Code     0  indicate_semi.o(.text)
    DMA1_Channel1_IRQHandler                 0x08000765   Thumb Code     6  stm32g4xx_it.o(i.DMA1_Channel1_IRQHandler)
    DebugMon_Handler                         0x08000813   Thumb Code     2  stm32g4xx_it.o(i.DebugMon_Handler)
    Error_Handler                            0x08000815   Thumb Code     4  main.o(i.Error_Handler)
    GET_RECTANGLE_menu                       0x08000819   Thumb Code   192  oled.o(i.GET_RECTANGLE_menu)
    Get_LaserXY_ALLtime                      0x080008fd   Thumb Code    48  servo_move.o(i.Get_LaserXY_ALLtime)
    Get_RectangleXY                          0x08000939   Thumb Code    48  servo_move.o(i.Get_RectangleXY)
    Get_id_Flag_1                            0x08000975   Thumb Code    10  master_pc.o(i.Get_id_Flag_1)
    Get_id_Flag_2                            0x08000985   Thumb Code    12  master_pc.o(i.Get_id_Flag_2)
    Get_vofa_PID_Rxflag                      0x08000999   Thumb Code    20  master_pc.o(i.Get_vofa_PID_Rxflag)
    HAL_DMA_Abort                            0x080009b1   Thumb Code   106  stm32g4xx_hal_dma.o(i.HAL_DMA_Abort)
    HAL_DMA_Abort_IT                         0x08000a1b   Thumb Code   120  stm32g4xx_hal_dma.o(i.HAL_DMA_Abort_IT)
    HAL_DMA_IRQHandler                       0x08000a93   Thumb Code   186  stm32g4xx_hal_dma.o(i.HAL_DMA_IRQHandler)
    HAL_DMA_Init                             0x08000b4d   Thumb Code   178  stm32g4xx_hal_dma.o(i.HAL_DMA_Init)
    HAL_DMA_Start_IT                         0x08000c0d   Thumb Code   140  stm32g4xx_hal_dma.o(i.HAL_DMA_Start_IT)
    HAL_Delay                                0x08000c99   Thumb Code    32  stm32g4xx_hal.o(i.HAL_Delay)
    HAL_GPIO_Init                            0x08000cbd   Thumb Code   550  stm32g4xx_hal_gpio.o(i.HAL_GPIO_Init)
    HAL_GPIO_ReadPin                         0x08000f05   Thumb Code    10  stm32g4xx_hal_gpio.o(i.HAL_GPIO_ReadPin)
    HAL_GPIO_WritePin                        0x08000f0f   Thumb Code    10  stm32g4xx_hal_gpio.o(i.HAL_GPIO_WritePin)
    HAL_GetTick                              0x08000f19   Thumb Code     6  stm32g4xx_hal.o(i.HAL_GetTick)
    HAL_I2CEx_ConfigAnalogFilter             0x08000f25   Thumb Code    86  stm32g4xx_hal_i2c_ex.o(i.HAL_I2CEx_ConfigAnalogFilter)
    HAL_I2CEx_ConfigDigitalFilter            0x08000f7b   Thumb Code    82  stm32g4xx_hal_i2c_ex.o(i.HAL_I2CEx_ConfigDigitalFilter)
    HAL_I2CEx_EnableFastModePlus             0x08000fcd   Thumb Code    30  stm32g4xx_hal_i2c_ex.o(i.HAL_I2CEx_EnableFastModePlus)
    HAL_I2C_Init                             0x08000ff5   Thumb Code   184  stm32g4xx_hal_i2c.o(i.HAL_I2C_Init)
    HAL_I2C_Mem_Write                        0x080010b1   Thumb Code   340  stm32g4xx_hal_i2c.o(i.HAL_I2C_Mem_Write)
    HAL_I2C_MspInit                          0x08001209   Thumb Code   160  i2c.o(i.HAL_I2C_MspInit)
    HAL_IncTick                              0x080012b5   Thumb Code    12  stm32g4xx_hal.o(i.HAL_IncTick)
    HAL_Init                                 0x080012c5   Thumb Code    30  stm32g4xx_hal.o(i.HAL_Init)
    HAL_InitTick                             0x080012e5   Thumb Code    58  stm32g4xx_hal.o(i.HAL_InitTick)
    HAL_MspInit                              0x08001329   Thumb Code    42  stm32g4xx_hal_msp.o(i.HAL_MspInit)
    HAL_NVIC_EnableIRQ                       0x08001359   Thumb Code    26  stm32g4xx_hal_cortex.o(i.HAL_NVIC_EnableIRQ)
    HAL_NVIC_SetPriority                     0x08001375   Thumb Code    60  stm32g4xx_hal_cortex.o(i.HAL_NVIC_SetPriority)
    HAL_NVIC_SetPriorityGrouping             0x080013b5   Thumb Code    26  stm32g4xx_hal_cortex.o(i.HAL_NVIC_SetPriorityGrouping)
    HAL_PWREx_ControlVoltageScaling          0x080013d9   Thumb Code   174  stm32g4xx_hal_pwr_ex.o(i.HAL_PWREx_ControlVoltageScaling)
    HAL_PWREx_DisableUCPDDeadBattery         0x08001495   Thumb Code    12  stm32g4xx_hal_pwr_ex.o(i.HAL_PWREx_DisableUCPDDeadBattery)
    HAL_RCCEx_PeriphCLKConfig                0x080014a5   Thumb Code   638  stm32g4xx_hal_rcc_ex.o(i.HAL_RCCEx_PeriphCLKConfig)
    HAL_RCC_ClockConfig                      0x0800172d   Thumb Code   444  stm32g4xx_hal_rcc.o(i.HAL_RCC_ClockConfig)
    HAL_RCC_GetPCLK1Freq                     0x08001909   Thumb Code    24  stm32g4xx_hal_rcc.o(i.HAL_RCC_GetPCLK1Freq)
    HAL_RCC_GetPCLK2Freq                     0x0800192d   Thumb Code    24  stm32g4xx_hal_rcc.o(i.HAL_RCC_GetPCLK2Freq)
    HAL_RCC_GetSysClockFreq                  0x08001951   Thumb Code    98  stm32g4xx_hal_rcc.o(i.HAL_RCC_GetSysClockFreq)
    HAL_RCC_OscConfig                        0x080019bd   Thumb Code  1028  stm32g4xx_hal_rcc.o(i.HAL_RCC_OscConfig)
    HAL_SYSTICK_Config                       0x08001dc1   Thumb Code    40  stm32g4xx_hal_cortex.o(i.HAL_SYSTICK_Config)
    HAL_TIMEx_Break2Callback                 0x08001de9   Thumb Code     2  stm32g4xx_hal_tim_ex.o(i.HAL_TIMEx_Break2Callback)
    HAL_TIMEx_BreakCallback                  0x08001deb   Thumb Code     2  stm32g4xx_hal_tim_ex.o(i.HAL_TIMEx_BreakCallback)
    HAL_TIMEx_CommutCallback                 0x08001ded   Thumb Code     2  stm32g4xx_hal_tim_ex.o(i.HAL_TIMEx_CommutCallback)
    HAL_TIMEx_DirectionChangeCallback        0x08001def   Thumb Code     2  stm32g4xx_hal_tim_ex.o(i.HAL_TIMEx_DirectionChangeCallback)
    HAL_TIMEx_EncoderIndexCallback           0x08001df1   Thumb Code     2  stm32g4xx_hal_tim_ex.o(i.HAL_TIMEx_EncoderIndexCallback)
    HAL_TIMEx_IndexErrorCallback             0x08001df3   Thumb Code     2  stm32g4xx_hal_tim_ex.o(i.HAL_TIMEx_IndexErrorCallback)
    HAL_TIMEx_MasterConfigSynchronization    0x08001df5   Thumb Code   132  stm32g4xx_hal_tim_ex.o(i.HAL_TIMEx_MasterConfigSynchronization)
    HAL_TIMEx_TransitionErrorCallback        0x08001e91   Thumb Code     2  stm32g4xx_hal_tim_ex.o(i.HAL_TIMEx_TransitionErrorCallback)
    HAL_TIM_Base_Init                        0x08001e93   Thumb Code    98  stm32g4xx_hal_tim.o(i.HAL_TIM_Base_Init)
    HAL_TIM_Base_MspInit                     0x08001ef5   Thumb Code    86  tim.o(i.HAL_TIM_Base_MspInit)
    HAL_TIM_Base_Start_IT                    0x08001f59   Thumb Code    94  stm32g4xx_hal_tim.o(i.HAL_TIM_Base_Start_IT)
    HAL_TIM_Base_Stop_IT                     0x08001fd1   Thumb Code    48  stm32g4xx_hal_tim.o(i.HAL_TIM_Base_Stop_IT)
    HAL_TIM_IC_CaptureCallback               0x08002001   Thumb Code     2  stm32g4xx_hal_tim.o(i.HAL_TIM_IC_CaptureCallback)
    HAL_TIM_IRQHandler                       0x08002003   Thumb Code   418  stm32g4xx_hal_tim.o(i.HAL_TIM_IRQHandler)
    HAL_TIM_OC_DelayElapsedCallback          0x080021a5   Thumb Code     2  stm32g4xx_hal_tim.o(i.HAL_TIM_OC_DelayElapsedCallback)
    HAL_TIM_PWM_PulseFinishedCallback        0x080021a7   Thumb Code     2  stm32g4xx_hal_tim.o(i.HAL_TIM_PWM_PulseFinishedCallback)
    HAL_TIM_PeriodElapsedCallback            0x080021a9   Thumb Code    96  main.o(i.HAL_TIM_PeriodElapsedCallback)
    HAL_TIM_TriggerCallback                  0x08002225   Thumb Code     2  stm32g4xx_hal_tim.o(i.HAL_TIM_TriggerCallback)
    HAL_UARTEx_DisableFifoMode               0x08002227   Thumb Code    62  stm32g4xx_hal_uart_ex.o(i.HAL_UARTEx_DisableFifoMode)
    HAL_UARTEx_RxEventCallback               0x08002265   Thumb Code     2  stm32g4xx_hal_uart.o(i.HAL_UARTEx_RxEventCallback)
    HAL_UARTEx_RxFifoFullCallback            0x08002267   Thumb Code     2  stm32g4xx_hal_uart_ex.o(i.HAL_UARTEx_RxFifoFullCallback)
    HAL_UARTEx_SetRxFifoThreshold            0x08002269   Thumb Code    76  stm32g4xx_hal_uart_ex.o(i.HAL_UARTEx_SetRxFifoThreshold)
    HAL_UARTEx_SetTxFifoThreshold            0x080022b5   Thumb Code    76  stm32g4xx_hal_uart_ex.o(i.HAL_UARTEx_SetTxFifoThreshold)
    HAL_UARTEx_TxFifoEmptyCallback           0x08002301   Thumb Code     2  stm32g4xx_hal_uart_ex.o(i.HAL_UARTEx_TxFifoEmptyCallback)
    HAL_UARTEx_WakeupCallback                0x08002303   Thumb Code     2  stm32g4xx_hal_uart_ex.o(i.HAL_UARTEx_WakeupCallback)
    HAL_UART_ErrorCallback                   0x08002305   Thumb Code     2  stm32g4xx_hal_uart.o(i.HAL_UART_ErrorCallback)
    HAL_UART_IRQHandler                      0x08002309   Thumb Code   782  stm32g4xx_hal_uart.o(i.HAL_UART_IRQHandler)
    HAL_UART_Init                            0x08002625   Thumb Code   106  stm32g4xx_hal_uart.o(i.HAL_UART_Init)
    HAL_UART_MspInit                         0x08002691   Thumb Code   366  usart.o(i.HAL_UART_MspInit)
    HAL_UART_Receive_DMA                     0x0800281d   Thumb Code    66  stm32g4xx_hal_uart.o(i.HAL_UART_Receive_DMA)
    HAL_UART_Receive_IT                      0x08002865   Thumb Code    66  stm32g4xx_hal_uart.o(i.HAL_UART_Receive_IT)
    HAL_UART_RxCpltCallback                  0x080028ad   Thumb Code   490  main.o(i.HAL_UART_RxCpltCallback)
    HAL_UART_RxHalfCpltCallback              0x08002add   Thumb Code     2  stm32g4xx_hal_uart.o(i.HAL_UART_RxHalfCpltCallback)
    HAL_UART_Transmit                        0x08002adf   Thumb Code   174  stm32g4xx_hal_uart.o(i.HAL_UART_Transmit)
    HAL_UART_TxCpltCallback                  0x08002b8d   Thumb Code     2  stm32g4xx_hal_uart.o(i.HAL_UART_TxCpltCallback)
    HardFault_Handler                        0x08002b8f   Thumb Code     2  stm32g4xx_it.o(i.HardFault_Handler)
    JOHO_CalcChecksum                        0x08002e7f   Thumb Code    44  uart_servo_lite.o(i.JOHO_CalcChecksum)
    JOHO_Package2RingBuffer                  0x08002eab   Thumb Code    74  uart_servo_lite.o(i.JOHO_Package2RingBuffer)
    JOHO_PackageBuild_Send                   0x08002ef5   Thumb Code    66  uart_servo_lite.o(i.JOHO_PackageBuild_Send)
    Key_Init                                 0x08002f39   Thumb Code    50  my_keyboard.o(i.Key_Init)
    Key_Scan                                 0x08002f75   Thumb Code   798  my_keyboard.o(i.Key_Scan)
    LASER_MOVE_Menu                          0x080032a9   Thumb Code   140  oled.o(i.LASER_MOVE_Menu)
    LASER_RESET                              0x08003359   Thumb Code   118  oled.o(i.LASER_RESET)
    LASER_RESET_Menu                         0x080033f1   Thumb Code    76  oled.o(i.LASER_RESET_Menu)
    LASER_RESET_Start                        0x08003461   Thumb Code    74  oled.o(i.LASER_RESET_Start)
    LOCATE_MODE_Menu                         0x080034bd   Thumb Code   348  oled.o(i.LOCATE_MODE_Menu)
    MX_DMA_Init                              0x08003641   Thumb Code    56  dma.o(i.MX_DMA_Init)
    MX_GPIO_Init                             0x0800367d   Thumb Code   216  gpio.o(i.MX_GPIO_Init)
    MX_I2C1_Init                             0x08003761   Thumb Code    80  i2c.o(i.MX_I2C1_Init)
    MX_TIM6_Init                             0x080037bd   Thumb Code    62  tim.o(i.MX_TIM6_Init)
    MX_TIM7_Init                             0x08003805   Thumb Code    62  tim.o(i.MX_TIM7_Init)
    MX_USART1_UART_Init                      0x0800384d   Thumb Code   126  usart.o(i.MX_USART1_UART_Init)
    MX_USART2_UART_Init                      0x080038e9   Thumb Code    94  usart.o(i.MX_USART2_UART_Init)
    MX_USART3_UART_Init                      0x08003951   Thumb Code    94  usart.o(i.MX_USART3_UART_Init)
    MemManage_Handler                        0x080039b9   Thumb Code     2  stm32g4xx_it.o(i.MemManage_Handler)
    NMI_Handler                              0x080039bb   Thumb Code     2  stm32g4xx_it.o(i.NMI_Handler)
    OLED_Clear                               0x080039bd   Thumb Code    52  oled.o(i.OLED_Clear)
    OLED_Init                                0x080039f1   Thumb Code    28  oled.o(i.OLED_Init)
    OLED_Set_Pos                             0x08003a11   Thumb Code    34  oled.o(i.OLED_Set_Pos)
    OLED_ShowChar                            0x08003a35   Thumb Code   148  oled.o(i.OLED_ShowChar)
    OLED_ShowString                          0x08003ad1   Thumb Code    88  oled.o(i.OLED_ShowString)
    OLED_WR_CMD                              0x08003b29   Thumb Code    32  oled.o(i.OLED_WR_CMD)
    OLED_WR_DATA                             0x08003b4d   Thumb Code    32  oled.o(i.OLED_WR_DATA)
    PendSV_Handler                           0x08003b71   Thumb Code     2  stm32g4xx_it.o(i.PendSV_Handler)
    Penstring_Locate                         0x08003b75   Thumb Code   118  servo_move.o(i.Penstring_Locate)
    Penstring_Moving_1                       0x08003c01   Thumb Code   572  servo_move.o(i.Penstring_Moving_1)
    Pow_invert                               0x08003e55   Thumb Code    32  master_pc.o(i.Pow_invert)
    RECTANGLE_MOVE_Menu                      0x08003e75   Thumb Code   140  oled.o(i.RECTANGLE_MOVE_Menu)
    RingBuffer_GetByteFree                   0x08003f21   Thumb Code    16  ring_buffer.o(i.RingBuffer_GetByteFree)
    RingBuffer_GetByteUsed                   0x08003f31   Thumb Code    22  ring_buffer.o(i.RingBuffer_GetByteUsed)
    RingBuffer_GetChecksum                   0x08003f47   Thumb Code    38  ring_buffer.o(i.RingBuffer_GetChecksum)
    RingBuffer_GetValueByIndex               0x08003f6d   Thumb Code    42  ring_buffer.o(i.RingBuffer_GetValueByIndex)
    RingBuffer_Init                          0x08003f97   Thumb Code    32  ring_buffer.o(i.RingBuffer_Init)
    RingBuffer_IsEmpty                       0x08003fb7   Thumb Code    26  ring_buffer.o(i.RingBuffer_IsEmpty)
    RingBuffer_IsFull                        0x08003fd1   Thumb Code    16  ring_buffer.o(i.RingBuffer_IsFull)
    RingBuffer_Pop                           0x08003fe1   Thumb Code    42  ring_buffer.o(i.RingBuffer_Pop)
    RingBuffer_Push                          0x0800400b   Thumb Code    42  ring_buffer.o(i.RingBuffer_Push)
    RingBuffer_ReadByte                      0x08004035   Thumb Code     4  ring_buffer.o(i.RingBuffer_ReadByte)
    RingBuffer_WriteByte                     0x08004039   Thumb Code     4  ring_buffer.o(i.RingBuffer_WriteByte)
    RingBuffer_WriteByteArray                0x0800403d   Thumb Code    30  ring_buffer.o(i.RingBuffer_WriteByteArray)
    RingBuffer_WriteUShort                   0x0800405b   Thumb Code    12  ring_buffer.o(i.RingBuffer_WriteUShort)
    RxPacket_Data_Handle                     0x08004069   Thumb Code   110  master_pc.o(i.RxPacket_Data_Handle)
    SVC_Handler                              0x080040e5   Thumb Code     2  stm32g4xx_it.o(i.SVC_Handler)
    Servo_Position_PID                       0x080040e9   Thumb Code    78  servo_move.o(i.Servo_Position_PID)
    Set_LaserTracking                        0x0800413d   Thumb Code   226  servo_move.o(i.Set_LaserTracking)
    Set_RectangleXY                          0x08004255   Thumb Code   308  servo_move.o(i.Set_RectangleXY)
    SysTick_Handler                          0x0800438d   Thumb Code     4  stm32g4xx_it.o(i.SysTick_Handler)
    SystemClock_Config                       0x08004391   Thumb Code   104  main.o(i.SystemClock_Config)
    SystemInit                               0x080043f9   Thumb Code    12  system_stm32g4xx.o(i.SystemInit)
    TIM6_DAC_IRQHandler                      0x08004409   Thumb Code     6  stm32g4xx_it.o(i.TIM6_DAC_IRQHandler)
    TIM7_IRQHandler                          0x08004415   Thumb Code     6  stm32g4xx_it.o(i.TIM7_IRQHandler)
    TIM_Base_SetConfig                       0x08004421   Thumb Code   160  stm32g4xx_hal_tim.o(i.TIM_Base_SetConfig)
    Tick_CountdownBegin                      0x080044dd   Thumb Code    16  tick.o(i.Tick_CountdownBegin)
    Tick_CountdownCancel                     0x080044f5   Thumb Code    12  tick.o(i.Tick_CountdownCancel)
    Tick_CountdownIsTimeout                  0x08004509   Thumb Code    14  tick.o(i.Tick_CountdownIsTimeout)
    Tick_DelayMs                             0x0800451d   Thumb Code    14  tick.o(i.Tick_DelayMs)
    Tick_Wait                                0x08004531   Thumb Code    26  tick.o(i.Tick_Wait)
    UART_AdvFeatureConfig                    0x08004599   Thumb Code   200  stm32g4xx_hal_uart.o(i.UART_AdvFeatureConfig)
    UART_CheckIdleState                      0x08004661   Thumb Code   172  stm32g4xx_hal_uart.o(i.UART_CheckIdleState)
    UART_SetConfig                           0x08004d69   Thumb Code   582  stm32g4xx_hal_uart.o(i.UART_SetConfig)
    UART_Start_Receive_DMA                   0x08004fdd   Thumb Code   156  stm32g4xx_hal_uart.o(i.UART_Start_Receive_DMA)
    UART_Start_Receive_IT                    0x08005085   Thumb Code   256  stm32g4xx_hal_uart.o(i.UART_Start_Receive_IT)
    UART_WaitOnFlagUntilTimeout              0x08005195   Thumb Code   148  stm32g4xx_hal_uart.o(i.UART_WaitOnFlagUntilTimeout)
    USART1_IRQHandler                        0x08005229   Thumb Code     6  stm32g4xx_it.o(i.USART1_IRQHandler)
    USART2_IRQHandler                        0x08005235   Thumb Code     6  stm32g4xx_it.o(i.USART2_IRQHandler)
    USART3_IRQHandler                        0x08005241   Thumb Code     6  stm32g4xx_it.o(i.USART3_IRQHandler)
    USL_GETPositionVal                       0x0800524d   Thumb Code    60  uart_servo_lite.o(i.USL_GETPositionVal)
    USL_RecvPackage                          0x08005289   Thumb Code   286  uart_servo_lite.o(i.USL_RecvPackage)
    USL_SetServoAngle                        0x080053a9   Thumb Code    78  uart_servo_lite.o(i.USL_SetServoAngle)
    UsageFault_Handler                       0x08005405   Thumb Code     2  stm32g4xx_it.o(i.UsageFault_Handler)
    Usart_SendAll                            0x08005407   Thumb Code    44  uart_servo_lite.o(i.Usart_SendAll)
    _is_digit                                0x08005453   Thumb Code    14  __printf_wp.o(i._is_digit)
    limit_SetAngle                           0x08005461   Thumb Code    20  servo_move.o(i.limit_SetAngle)
    main                                     0x08005475   Thumb Code   272  main.o(i.main)
    menu1                                    0x080055b5   Thumb Code   214  oled.o(i.menu1)
    __fpl_dcmp_Inf                           0x080056b5   Thumb Code    24  dcmpi.o(x$fpl$dcmpinf)
    __aeabi_d2uiz                            0x080056cd   Thumb Code     0  dfixu.o(x$fpl$dfixu)
    _dfixu                                   0x080056cd   Thumb Code    90  dfixu.o(x$fpl$dfixu)
    __aeabi_i2d                              0x08005727   Thumb Code     0  dflt_clz.o(x$fpl$dflt)
    _dflt                                    0x08005727   Thumb Code    46  dflt_clz.o(x$fpl$dflt)
    __aeabi_ui2d                             0x08005755   Thumb Code     0  dflt_clz.o(x$fpl$dfltu)
    _dfltu                                   0x08005755   Thumb Code    38  dflt_clz.o(x$fpl$dfltu)
    __aeabi_cdcmple                          0x0800577d   Thumb Code     0  dleqf.o(x$fpl$dleqf)
    _dcmple                                  0x0800577d   Thumb Code   120  dleqf.o(x$fpl$dleqf)
    __fpl_dcmple_InfNaN                      0x080057df   Thumb Code     0  dleqf.o(x$fpl$dleqf)
    __aeabi_dmul                             0x080057f5   Thumb Code     0  dmul.o(x$fpl$dmul)
    _dmul                                    0x080057f5   Thumb Code   332  dmul.o(x$fpl$dmul)
    __fpl_dnaninf                            0x08005949   Thumb Code   156  dnaninf.o(x$fpl$dnaninf)
    __fpl_dretinf                            0x080059e5   Thumb Code    12  dretinf.o(x$fpl$dretinf)
    _fp_init                                 0x080059f1   Thumb Code    10  fpinit.o(x$fpl$fpinit)
    __fplib_config_fpu_vfp                   0x080059f9   Thumb Code     0  fpinit.o(x$fpl$fpinit)
    __fplib_config_pureend_doubles           0x080059f9   Thumb Code     0  fpinit.o(x$fpl$fpinit)
    UARTPrescTable                           0x080059fa   Data          24  stm32g4xx_hal_uart.o(.constdata)
    __I$use$fp                               0x080059fa   Number         0  usenofp.o(x$fpl$usenofp)
    AHBPrescTable                            0x08005a22   Data          16  system_stm32g4xx.o(.constdata)
    APBPrescTable                            0x08005a32   Data           8  system_stm32g4xx.o(.constdata)
    F6x8                                     0x08005a3a   Data         552  oledfont.o(.constdata)
    F8X16                                    0x08005c62   Data        1504  oledfont.o(.constdata)
    Region$$Table$$Base                      0x08006244   Number         0  anon$$obj.o(Region$$Table)
    Region$$Table$$Limit                     0x08006264   Number         0  anon$$obj.o(Region$$Table)
    RxData                                   0x20000000   Data           1  main.o(.data)
    sid_1                                    0x20000001   Data           1  main.o(.data)
    sid_2                                    0x20000002   Data           1  main.o(.data)
    Data_StartGet                            0x20000003   Data           1  main.o(.data)
    shijue_RxData                            0x2000000b   Data           1  main.o(.data)
    Key_GetCnt                               0x2000000c   Data           1  main.o(.data)
    Key_GetCntFlag                           0x2000000d   Data           1  main.o(.data)
    Key_Start                                0x2000000e   Data           1  main.o(.data)
    pRxPacket                                0x2000000f   Data           1  main.o(.data)
    Monitor_Flag                             0x20000010   Data           1  main.o(.data)
    FinishRectangle_Flag                     0x20000011   Data           1  main.o(.data)
    Data_FinishGet                           0x20000012   Data           1  main.o(.data)
    Rectangle_Send                           0x20000013   Data           1  main.o(.data)
    KeyNum                                   0x20000014   Data           1  main.o(.data)
    MovingReset_flag                         0x20000015   Data           1  main.o(.data)
    uwTickPrio                               0x20000018   Data           4  stm32g4xx_hal.o(.data)
    uwTickFreq                               0x2000001c   Data           4  stm32g4xx_hal.o(.data)
    uwTick                                   0x20000020   Data           4  stm32g4xx_hal.o(.data)
    SystemCoreClock                          0x20000024   Data           4  system_stm32g4xx.o(.data)
    My_ResetXY                               0x2000002a   Data           4  oled.o(.data)
    CMD_Data                                 0x2000002e   Data          23  oled.o(.data)
    menu2                                    0x20000048   Data           4  oled.o(.data)
    menu3                                    0x2000004c   Data           4  oled.o(.data)
    menu4                                    0x20000050   Data           4  oled.o(.data)
    TickCnt                                  0x20000054   Data           4  tick.o(.data)
    servoUsart                               0x20000058   Data           4  uart_servo_lite.o(.data)
    Rx_Byte                                  0x2000005c   Data           1  variable.o(.data)
    Data_BitNum                              0x2000005d   Data           1  variable.o(.data)
    id_Flag_1                                0x2000005e   Data           1  variable.o(.data)
    id_Flag_2                                0x2000005f   Data           1  variable.o(.data)
    PID_RxFlag                               0x20000060   Data           1  variable.o(.data)
    On_or_off_RxFlag                         0x20000061   Data           1  variable.o(.data)
    PID_index_1                              0x20000062   Data           1  variable.o(.data)
    PID_index_2                              0x20000063   Data           1  variable.o(.data)
    Locate_angleX                            0x20000070   Data           8  servo_move.o(.data)
    Locate_angleY                            0x20000078   Data           8  servo_move.o(.data)
    CenterLocate_angleX                      0x20000080   Data           8  servo_move.o(.data)
    CenterLocate_angleY                      0x20000088   Data           8  servo_move.o(.data)
    RelaServo_Angle                          0x20000090   Data           8  servo_move.o(.data)
    Laser_XY                                 0x20000098   Data           8  servo_move.o(.data)
    Tracking_CNT                             0x200000a0   Data           2  servo_move.o(.data)
    Tracking_Start_Flag                      0x200000a2   Data           2  servo_move.o(.data)
    Tracking_Enable                          0x200000a4   Data           2  servo_move.o(.data)
    ShijueRecv_Buffer                        0x200000a8   Data          20  main.o(.bss)
    hi2c1                                    0x200000bc   Data          84  i2c.o(.bss)
    htim6                                    0x20000110   Data          76  tim.o(.bss)
    htim7                                    0x2000015c   Data          76  tim.o(.bss)
    huart1                                   0x200001a8   Data         148  usart.o(.bss)
    huart2                                   0x2000023c   Data         148  usart.o(.bss)
    huart3                                   0x200002d0   Data         148  usart.o(.bss)
    hdma_usart3_rx                           0x20000364   Data          96  usart.o(.bss)
    point_1                                  0x200003c4   Data           9  oled.o(.bss)
    point_2                                  0x200003cd   Data           9  oled.o(.bss)
    point_3                                  0x200003d6   Data           9  oled.o(.bss)
    point_4                                  0x200003df   Data           9  oled.o(.bss)
    usart1SendBuf                            0x200003e8   Data         501  uart_servo_lite.o(.bss)
    usart1RecvBuf                            0x200005dd   Data         501  uart_servo_lite.o(.bss)
    usart1SendRingBuf                        0x200007d4   Data          12  uart_servo_lite.o(.bss)
    usart1RecvRingBuf                        0x200007e0   Data          12  uart_servo_lite.o(.bss)
    usart1                                   0x200007ec   Data          12  uart_servo_lite.o(.bss)
    Get_Vofa_RxData                          0x200007f8   Data         100  variable.o(.bss)
    Get_On_or_off                            0x2000085c   Data         100  variable.o(.bss)
    PID_Mode                                 0x200008c0   Data          32  variable.o(.bss)
    X_Pid                                    0x200008e0   Data          12  servo_move.o(.bss)
    Y_Pid                                    0x200008ec   Data          12  servo_move.o(.bss)
    rectangle_XY                             0x200008f8   Data          32  servo_move.o(.bss)
    Set_rectangle_XY                         0x20000918   Data         128  servo_move.o(.bss)
    __libspace_start                         0x20000998   Data          96  libspace.o(.bss)
    __temporary_stack_top$libspace           0x200009f8   Data           0  libspace.o(.bss)



==============================================================================

Memory Map of the image

  Image Entry point : 0x080001d9

  Load Region LR_IROM1 (Base: 0x08000000, Size: 0x0000630c, Max: 0x0001c000, ABSOLUTE)

    Execution Region ER_IROM1 (Exec base: 0x08000000, Load base: 0x08000000, Size: 0x00006264, Max: 0x0001c000, ABSOLUTE)

    Exec Addr    Load Addr    Size         Type   Attr      Idx    E Section Name        Object

    0x08000000   0x08000000   0x000001d8   Data   RO            3    RESET               startup_stm32g431xx.o
    0x080001d8   0x080001d8   0x00000008   Code   RO         5124  * !!!main             c_w.l(__main.o)
    0x080001e0   0x080001e0   0x00000034   Code   RO         5323    !!!scatter          c_w.l(__scatter.o)
    0x08000214   0x08000214   0x0000001a   Code   RO         5325    !!handler_copy      c_w.l(__scatter_copy.o)
    0x0800022e   0x0800022e   0x00000002   PAD
    0x08000230   0x08000230   0x0000001c   Code   RO         5327    !!handler_zi        c_w.l(__scatter_zi.o)
    0x0800024c   0x0800024c   0x00000000   Code   RO         5119    .ARM.Collect$$_printf_percent$$00000000  c_w.l(_printf_percent.o)
    0x0800024c   0x0800024c   0x00000006   Code   RO         5118    .ARM.Collect$$_printf_percent$$00000009  c_w.l(_printf_d.o)
    0x08000252   0x08000252   0x00000004   Code   RO         5151    .ARM.Collect$$_printf_percent$$00000017  c_w.l(_printf_percent_end.o)
    0x08000256   0x08000256   0x00000002   Code   RO         5191    .ARM.Collect$$libinit$$00000000  c_w.l(libinit.o)
    0x08000258   0x08000258   0x00000004   Code   RO         5203    .ARM.Collect$$libinit$$00000001  c_w.l(libinit2.o)
    0x0800025c   0x0800025c   0x00000000   Code   RO         5206    .ARM.Collect$$libinit$$00000004  c_w.l(libinit2.o)
    0x0800025c   0x0800025c   0x00000000   Code   RO         5209    .ARM.Collect$$libinit$$0000000A  c_w.l(libinit2.o)
    0x0800025c   0x0800025c   0x00000000   Code   RO         5211    .ARM.Collect$$libinit$$0000000C  c_w.l(libinit2.o)
    0x0800025c   0x0800025c   0x00000000   Code   RO         5213    .ARM.Collect$$libinit$$0000000E  c_w.l(libinit2.o)
    0x0800025c   0x0800025c   0x00000000   Code   RO         5216    .ARM.Collect$$libinit$$00000011  c_w.l(libinit2.o)
    0x0800025c   0x0800025c   0x00000000   Code   RO         5218    .ARM.Collect$$libinit$$00000013  c_w.l(libinit2.o)
    0x0800025c   0x0800025c   0x00000000   Code   RO         5220    .ARM.Collect$$libinit$$00000015  c_w.l(libinit2.o)
    0x0800025c   0x0800025c   0x00000000   Code   RO         5222    .ARM.Collect$$libinit$$00000017  c_w.l(libinit2.o)
    0x0800025c   0x0800025c   0x00000000   Code   RO         5224    .ARM.Collect$$libinit$$00000019  c_w.l(libinit2.o)
    0x0800025c   0x0800025c   0x00000000   Code   RO         5226    .ARM.Collect$$libinit$$0000001B  c_w.l(libinit2.o)
    0x0800025c   0x0800025c   0x00000000   Code   RO         5228    .ARM.Collect$$libinit$$0000001D  c_w.l(libinit2.o)
    0x0800025c   0x0800025c   0x00000000   Code   RO         5230    .ARM.Collect$$libinit$$0000001F  c_w.l(libinit2.o)
    0x0800025c   0x0800025c   0x00000000   Code   RO         5232    .ARM.Collect$$libinit$$00000021  c_w.l(libinit2.o)
    0x0800025c   0x0800025c   0x00000000   Code   RO         5234    .ARM.Collect$$libinit$$00000023  c_w.l(libinit2.o)
    0x0800025c   0x0800025c   0x00000000   Code   RO         5236    .ARM.Collect$$libinit$$00000025  c_w.l(libinit2.o)
    0x0800025c   0x0800025c   0x00000000   Code   RO         5240    .ARM.Collect$$libinit$$0000002C  c_w.l(libinit2.o)
    0x0800025c   0x0800025c   0x00000000   Code   RO         5242    .ARM.Collect$$libinit$$0000002E  c_w.l(libinit2.o)
    0x0800025c   0x0800025c   0x00000000   Code   RO         5244    .ARM.Collect$$libinit$$00000030  c_w.l(libinit2.o)
    0x0800025c   0x0800025c   0x00000000   Code   RO         5246    .ARM.Collect$$libinit$$00000032  c_w.l(libinit2.o)
    0x0800025c   0x0800025c   0x00000002   Code   RO         5247    .ARM.Collect$$libinit$$00000033  c_w.l(libinit2.o)
    0x0800025e   0x0800025e   0x00000002   Code   RO         5278    .ARM.Collect$$libshutdown$$00000000  c_w.l(libshutdown.o)
    0x08000260   0x08000260   0x00000000   Code   RO         5304    .ARM.Collect$$libshutdown$$00000002  c_w.l(libshutdown2.o)
    0x08000260   0x08000260   0x00000000   Code   RO         5306    .ARM.Collect$$libshutdown$$00000004  c_w.l(libshutdown2.o)
    0x08000260   0x08000260   0x00000000   Code   RO         5308    .ARM.Collect$$libshutdown$$00000006  c_w.l(libshutdown2.o)
    0x08000260   0x08000260   0x00000000   Code   RO         5311    .ARM.Collect$$libshutdown$$00000009  c_w.l(libshutdown2.o)
    0x08000260   0x08000260   0x00000000   Code   RO         5314    .ARM.Collect$$libshutdown$$0000000C  c_w.l(libshutdown2.o)
    0x08000260   0x08000260   0x00000000   Code   RO         5316    .ARM.Collect$$libshutdown$$0000000E  c_w.l(libshutdown2.o)
    0x08000260   0x08000260   0x00000000   Code   RO         5319    .ARM.Collect$$libshutdown$$00000011  c_w.l(libshutdown2.o)
    0x08000260   0x08000260   0x00000002   Code   RO         5320    .ARM.Collect$$libshutdown$$00000012  c_w.l(libshutdown2.o)
    0x08000262   0x08000262   0x00000000   Code   RO         5140    .ARM.Collect$$rtentry$$00000000  c_w.l(__rtentry.o)
    0x08000262   0x08000262   0x00000000   Code   RO         5160    .ARM.Collect$$rtentry$$00000002  c_w.l(__rtentry2.o)
    0x08000262   0x08000262   0x00000006   Code   RO         5172    .ARM.Collect$$rtentry$$00000004  c_w.l(__rtentry4.o)
    0x08000268   0x08000268   0x00000000   Code   RO         5162    .ARM.Collect$$rtentry$$00000009  c_w.l(__rtentry2.o)
    0x08000268   0x08000268   0x00000004   Code   RO         5163    .ARM.Collect$$rtentry$$0000000A  c_w.l(__rtentry2.o)
    0x0800026c   0x0800026c   0x00000000   Code   RO         5165    .ARM.Collect$$rtentry$$0000000C  c_w.l(__rtentry2.o)
    0x0800026c   0x0800026c   0x00000008   Code   RO         5166    .ARM.Collect$$rtentry$$0000000D  c_w.l(__rtentry2.o)
    0x08000274   0x08000274   0x00000002   Code   RO         5195    .ARM.Collect$$rtexit$$00000000  c_w.l(rtexit.o)
    0x08000276   0x08000276   0x00000000   Code   RO         5251    .ARM.Collect$$rtexit$$00000002  c_w.l(rtexit2.o)
    0x08000276   0x08000276   0x00000004   Code   RO         5252    .ARM.Collect$$rtexit$$00000003  c_w.l(rtexit2.o)
    0x0800027a   0x0800027a   0x00000006   Code   RO         5253    .ARM.Collect$$rtexit$$00000004  c_w.l(rtexit2.o)
    0x08000280   0x08000280   0x00000040   Code   RO            4    .text               startup_stm32g431xx.o
    0x080002c0   0x080002c0   0x000000ee   Code   RO         5086    .text               c_w.l(lludivv7m.o)
    0x080003ae   0x080003ae   0x00000002   PAD
    0x080003b0   0x080003b0   0x00000028   Code   RO         5090    .text               c_w.l(noretval__2sprintf.o)
    0x080003d8   0x080003d8   0x0000004e   Code   RO         5094    .text               c_w.l(_printf_pad.o)
    0x08000426   0x08000426   0x00000002   PAD
    0x08000428   0x08000428   0x00000078   Code   RO         5096    .text               c_w.l(_printf_dec.o)
    0x080004a0   0x080004a0   0x0000010e   Code   RO         5106    .text               c_w.l(__printf_wp.o)
    0x080005ae   0x080005ae   0x0000004e   Code   RO         5120    .text               c_w.l(rt_memclr_w.o)
    0x080005fc   0x080005fc   0x00000006   Code   RO         5122    .text               c_w.l(heapauxi.o)
    0x08000602   0x08000602   0x000000b2   Code   RO         5145    .text               c_w.l(_printf_intcommon.o)
    0x080006b4   0x080006b4   0x00000030   Code   RO         5147    .text               c_w.l(_printf_char_common.o)
    0x080006e4   0x080006e4   0x0000000a   Code   RO         5149    .text               c_w.l(_sputc.o)
    0x080006ee   0x080006ee   0x0000004a   Code   RO         5178    .text               c_w.l(sys_stackheap_outer.o)
    0x08000738   0x08000738   0x00000012   Code   RO         5180    .text               c_w.l(exit.o)
    0x0800074a   0x0800074a   0x00000002   PAD
    0x0800074c   0x0800074c   0x00000008   Code   RO         5192    .text               c_w.l(libspace.o)
    0x08000754   0x08000754   0x0000000c   Code   RO         5248    .text               c_w.l(sys_exit.o)
    0x08000760   0x08000760   0x00000002   Code   RO         5267    .text               c_w.l(use_no_semi.o)
    0x08000762   0x08000762   0x00000000   Code   RO         5269    .text               c_w.l(indicate_semi.o)
    0x08000762   0x08000762   0x00000002   Code   RO          441    i.BusFault_Handler  stm32g4xx_it.o
    0x08000764   0x08000764   0x0000000c   Code   RO          442    i.DMA1_Channel1_IRQHandler  stm32g4xx_it.o
    0x08000770   0x08000770   0x00000040   Code   RO         1954    i.DMA_CalcDMAMUXChannelBaseAndMask  stm32g4xx_hal_dma.o
    0x080007b0   0x080007b0   0x00000024   Code   RO         1955    i.DMA_CalcDMAMUXRequestGenBaseAndMask  stm32g4xx_hal_dma.o
    0x080007d4   0x080007d4   0x0000003e   Code   RO         1956    i.DMA_SetConfig     stm32g4xx_hal_dma.o
    0x08000812   0x08000812   0x00000002   Code   RO          443    i.DebugMon_Handler  stm32g4xx_it.o
    0x08000814   0x08000814   0x00000004   Code   RO           13    i.Error_Handler     main.o
    0x08000818   0x08000818   0x000000e4   Code   RO         4329    i.GET_RECTANGLE_menu  oled.o
    0x080008fc   0x080008fc   0x0000003c   Code   RO         4993    i.Get_LaserXY_ALLtime  servo_move.o
    0x08000938   0x08000938   0x0000003c   Code   RO         4994    i.Get_RectangleXY   servo_move.o
    0x08000974   0x08000974   0x00000010   Code   RO         4897    i.Get_id_Flag_1     master_pc.o
    0x08000984   0x08000984   0x00000014   Code   RO         4898    i.Get_id_Flag_2     master_pc.o
    0x08000998   0x08000998   0x00000018   Code   RO         4899    i.Get_vofa_PID_Rxflag  master_pc.o
    0x080009b0   0x080009b0   0x0000006a   Code   RO         1957    i.HAL_DMA_Abort     stm32g4xx_hal_dma.o
    0x08000a1a   0x08000a1a   0x00000078   Code   RO         1958    i.HAL_DMA_Abort_IT  stm32g4xx_hal_dma.o
    0x08000a92   0x08000a92   0x000000ba   Code   RO         1962    i.HAL_DMA_IRQHandler  stm32g4xx_hal_dma.o
    0x08000b4c   0x08000b4c   0x000000c0   Code   RO         1963    i.HAL_DMA_Init      stm32g4xx_hal_dma.o
    0x08000c0c   0x08000c0c   0x0000008c   Code   RO         1967    i.HAL_DMA_Start_IT  stm32g4xx_hal_dma.o
    0x08000c98   0x08000c98   0x00000024   Code   RO         1110    i.HAL_Delay         stm32g4xx_hal.o
    0x08000cbc   0x08000cbc   0x00000248   Code   RO         1819    i.HAL_GPIO_Init     stm32g4xx_hal_gpio.o
    0x08000f04   0x08000f04   0x0000000a   Code   RO         1821    i.HAL_GPIO_ReadPin  stm32g4xx_hal_gpio.o
    0x08000f0e   0x08000f0e   0x0000000a   Code   RO         1823    i.HAL_GPIO_WritePin  stm32g4xx_hal_gpio.o
    0x08000f18   0x08000f18   0x0000000c   Code   RO         1114    i.HAL_GetTick       stm32g4xx_hal.o
    0x08000f24   0x08000f24   0x00000056   Code   RO         1049    i.HAL_I2CEx_ConfigAnalogFilter  stm32g4xx_hal_i2c_ex.o
    0x08000f7a   0x08000f7a   0x00000052   Code   RO         1050    i.HAL_I2CEx_ConfigDigitalFilter  stm32g4xx_hal_i2c_ex.o
    0x08000fcc   0x08000fcc   0x00000028   Code   RO         1053    i.HAL_I2CEx_EnableFastModePlus  stm32g4xx_hal_i2c_ex.o
    0x08000ff4   0x08000ff4   0x000000bc   Code   RO          588    i.HAL_I2C_Init      stm32g4xx_hal_i2c.o
    0x080010b0   0x080010b0   0x00000158   Code   RO          609    i.HAL_I2C_Mem_Write  stm32g4xx_hal_i2c.o
    0x08001208   0x08001208   0x000000ac   Code   RO          298    i.HAL_I2C_MspInit   i2c.o
    0x080012b4   0x080012b4   0x00000010   Code   RO         1120    i.HAL_IncTick       stm32g4xx_hal.o
    0x080012c4   0x080012c4   0x0000001e   Code   RO         1121    i.HAL_Init          stm32g4xx_hal.o
    0x080012e2   0x080012e2   0x00000002   PAD
    0x080012e4   0x080012e4   0x00000044   Code   RO         1122    i.HAL_InitTick      stm32g4xx_hal.o
    0x08001328   0x08001328   0x00000030   Code   RO          553    i.HAL_MspInit       stm32g4xx_hal_msp.o
    0x08001358   0x08001358   0x0000001a   Code   RO         2468    i.HAL_NVIC_EnableIRQ  stm32g4xx_hal_cortex.o
    0x08001372   0x08001372   0x00000002   PAD
    0x08001374   0x08001374   0x00000040   Code   RO         2474    i.HAL_NVIC_SetPriority  stm32g4xx_hal_cortex.o
    0x080013b4   0x080013b4   0x00000024   Code   RO         2475    i.HAL_NVIC_SetPriorityGrouping  stm32g4xx_hal_cortex.o
    0x080013d8   0x080013d8   0x000000bc   Code   RO         2222    i.HAL_PWREx_ControlVoltageScaling  stm32g4xx_hal_pwr_ex.o
    0x08001494   0x08001494   0x00000010   Code   RO         2234    i.HAL_PWREx_DisableUCPDDeadBattery  stm32g4xx_hal_pwr_ex.o
    0x080014a4   0x080014a4   0x00000288   Code   RO         1481    i.HAL_RCCEx_PeriphCLKConfig  stm32g4xx_hal_rcc_ex.o
    0x0800172c   0x0800172c   0x000001dc   Code   RO         1356    i.HAL_RCC_ClockConfig  stm32g4xx_hal_rcc.o
    0x08001908   0x08001908   0x00000024   Code   RO         1364    i.HAL_RCC_GetPCLK1Freq  stm32g4xx_hal_rcc.o
    0x0800192c   0x0800192c   0x00000024   Code   RO         1365    i.HAL_RCC_GetPCLK2Freq  stm32g4xx_hal_rcc.o
    0x08001950   0x08001950   0x0000006c   Code   RO         1366    i.HAL_RCC_GetSysClockFreq  stm32g4xx_hal_rcc.o
    0x080019bc   0x080019bc   0x00000404   Code   RO         1369    i.HAL_RCC_OscConfig  stm32g4xx_hal_rcc.o
    0x08001dc0   0x08001dc0   0x00000028   Code   RO         2479    i.HAL_SYSTICK_Config  stm32g4xx_hal_cortex.o
    0x08001de8   0x08001de8   0x00000002   Code   RO         3324    i.HAL_TIMEx_Break2Callback  stm32g4xx_hal_tim_ex.o
    0x08001dea   0x08001dea   0x00000002   Code   RO         3325    i.HAL_TIMEx_BreakCallback  stm32g4xx_hal_tim_ex.o
    0x08001dec   0x08001dec   0x00000002   Code   RO         3326    i.HAL_TIMEx_CommutCallback  stm32g4xx_hal_tim_ex.o
    0x08001dee   0x08001dee   0x00000002   Code   RO         3337    i.HAL_TIMEx_DirectionChangeCallback  stm32g4xx_hal_tim_ex.o
    0x08001df0   0x08001df0   0x00000002   Code   RO         3351    i.HAL_TIMEx_EncoderIndexCallback  stm32g4xx_hal_tim_ex.o
    0x08001df2   0x08001df2   0x00000002   Code   RO         3365    i.HAL_TIMEx_IndexErrorCallback  stm32g4xx_hal_tim_ex.o
    0x08001df4   0x08001df4   0x0000009c   Code   RO         3366    i.HAL_TIMEx_MasterConfigSynchronization  stm32g4xx_hal_tim_ex.o
    0x08001e90   0x08001e90   0x00000002   Code   RO         3387    i.HAL_TIMEx_TransitionErrorCallback  stm32g4xx_hal_tim_ex.o
    0x08001e92   0x08001e92   0x00000062   Code   RO         2610    i.HAL_TIM_Base_Init  stm32g4xx_hal_tim.o
    0x08001ef4   0x08001ef4   0x00000064   Code   RO          340    i.HAL_TIM_Base_MspInit  tim.o
    0x08001f58   0x08001f58   0x00000078   Code   RO         2615    i.HAL_TIM_Base_Start_IT  stm32g4xx_hal_tim.o
    0x08001fd0   0x08001fd0   0x00000030   Code   RO         2618    i.HAL_TIM_Base_Stop_IT  stm32g4xx_hal_tim.o
    0x08002000   0x08002000   0x00000002   Code   RO         2644    i.HAL_TIM_IC_CaptureCallback  stm32g4xx_hal_tim.o
    0x08002002   0x08002002   0x000001a2   Code   RO         2658    i.HAL_TIM_IRQHandler  stm32g4xx_hal_tim.o
    0x080021a4   0x080021a4   0x00000002   Code   RO         2661    i.HAL_TIM_OC_DelayElapsedCallback  stm32g4xx_hal_tim.o
    0x080021a6   0x080021a6   0x00000002   Code   RO         2688    i.HAL_TIM_PWM_PulseFinishedCallback  stm32g4xx_hal_tim.o
    0x080021a8   0x080021a8   0x0000007c   Code   RO           14    i.HAL_TIM_PeriodElapsedCallback  main.o
    0x08002224   0x08002224   0x00000002   Code   RO         2701    i.HAL_TIM_TriggerCallback  stm32g4xx_hal_tim.o
    0x08002226   0x08002226   0x0000003e   Code   RO         4173    i.HAL_UARTEx_DisableFifoMode  stm32g4xx_hal_uart_ex.o
    0x08002264   0x08002264   0x00000002   Code   RO         3762    i.HAL_UARTEx_RxEventCallback  stm32g4xx_hal_uart.o
    0x08002266   0x08002266   0x00000002   Code   RO         4181    i.HAL_UARTEx_RxFifoFullCallback  stm32g4xx_hal_uart_ex.o
    0x08002268   0x08002268   0x0000004c   Code   RO         4182    i.HAL_UARTEx_SetRxFifoThreshold  stm32g4xx_hal_uart_ex.o
    0x080022b4   0x080022b4   0x0000004c   Code   RO         4183    i.HAL_UARTEx_SetTxFifoThreshold  stm32g4xx_hal_uart_ex.o
    0x08002300   0x08002300   0x00000002   Code   RO         4185    i.HAL_UARTEx_TxFifoEmptyCallback  stm32g4xx_hal_uart_ex.o
    0x08002302   0x08002302   0x00000002   Code   RO         4186    i.HAL_UARTEx_WakeupCallback  stm32g4xx_hal_uart_ex.o
    0x08002304   0x08002304   0x00000002   Code   RO         3778    i.HAL_UART_ErrorCallback  stm32g4xx_hal_uart.o
    0x08002306   0x08002306   0x00000002   PAD
    0x08002308   0x08002308   0x0000031c   Code   RO         3781    i.HAL_UART_IRQHandler  stm32g4xx_hal_uart.o
    0x08002624   0x08002624   0x0000006a   Code   RO         3782    i.HAL_UART_Init     stm32g4xx_hal_uart.o
    0x0800268e   0x0800268e   0x00000002   PAD
    0x08002690   0x08002690   0x0000018c   Code   RO          388    i.HAL_UART_MspInit  usart.o
    0x0800281c   0x0800281c   0x00000048   Code   RO         3786    i.HAL_UART_Receive_DMA  stm32g4xx_hal_uart.o
    0x08002864   0x08002864   0x00000048   Code   RO         3787    i.HAL_UART_Receive_IT  stm32g4xx_hal_uart.o
    0x080028ac   0x080028ac   0x00000230   Code   RO           15    i.HAL_UART_RxCpltCallback  main.o
    0x08002adc   0x08002adc   0x00000002   Code   RO         3790    i.HAL_UART_RxHalfCpltCallback  stm32g4xx_hal_uart.o
    0x08002ade   0x08002ade   0x000000ae   Code   RO         3791    i.HAL_UART_Transmit  stm32g4xx_hal_uart.o
    0x08002b8c   0x08002b8c   0x00000002   Code   RO         3794    i.HAL_UART_TxCpltCallback  stm32g4xx_hal_uart.o
    0x08002b8e   0x08002b8e   0x00000002   Code   RO          444    i.HardFault_Handler  stm32g4xx_it.o
    0x08002b90   0x08002b90   0x00000022   Code   RO          635    i.I2C_Flush_TXDR    stm32g4xx_hal_i2c.o
    0x08002bb2   0x08002bb2   0x00000002   PAD
    0x08002bb4   0x08002bb4   0x0000010c   Code   RO          643    i.I2C_IsErrorOccurred  stm32g4xx_hal_i2c.o
    0x08002cc0   0x08002cc0   0x00000064   Code   RO          649    i.I2C_RequestMemoryWrite  stm32g4xx_hal_i2c.o
    0x08002d24   0x08002d24   0x00000030   Code   RO          652    i.I2C_TransferConfig  stm32g4xx_hal_i2c.o
    0x08002d54   0x08002d54   0x0000007a   Code   RO          654    i.I2C_WaitOnFlagUntilTimeout  stm32g4xx_hal_i2c.o
    0x08002dce   0x08002dce   0x00000056   Code   RO          656    i.I2C_WaitOnSTOPFlagUntilTimeout  stm32g4xx_hal_i2c.o
    0x08002e24   0x08002e24   0x0000005a   Code   RO          657    i.I2C_WaitOnTXISFlagUntilTimeout  stm32g4xx_hal_i2c.o
    0x08002e7e   0x08002e7e   0x0000002c   Code   RO         4807    i.JOHO_CalcChecksum  uart_servo_lite.o
    0x08002eaa   0x08002eaa   0x0000004a   Code   RO         4808    i.JOHO_Package2RingBuffer  uart_servo_lite.o
    0x08002ef4   0x08002ef4   0x00000042   Code   RO         4809    i.JOHO_PackageBuild_Send  uart_servo_lite.o
    0x08002f36   0x08002f36   0x00000002   PAD
    0x08002f38   0x08002f38   0x0000003c   Code   RO         4551    i.Key_Init          my_keyboard.o
    0x08002f74   0x08002f74   0x00000334   Code   RO         4552    i.Key_Scan          my_keyboard.o
    0x080032a8   0x080032a8   0x000000b0   Code   RO         4330    i.LASER_MOVE_Menu   oled.o
    0x08003358   0x08003358   0x00000098   Code   RO         4331    i.LASER_RESET       oled.o
    0x080033f0   0x080033f0   0x00000070   Code   RO         4332    i.LASER_RESET_Menu  oled.o
    0x08003460   0x08003460   0x0000005c   Code   RO         4333    i.LASER_RESET_Start  oled.o
    0x080034bc   0x080034bc   0x00000184   Code   RO         4334    i.LOCATE_MODE_Menu  oled.o
    0x08003640   0x08003640   0x0000003c   Code   RO          273    i.MX_DMA_Init       dma.o
    0x0800367c   0x0800367c   0x000000e4   Code   RO          245    i.MX_GPIO_Init      gpio.o
    0x08003760   0x08003760   0x0000005c   Code   RO          299    i.MX_I2C1_Init      i2c.o
    0x080037bc   0x080037bc   0x00000048   Code   RO          341    i.MX_TIM6_Init      tim.o
    0x08003804   0x08003804   0x00000048   Code   RO          342    i.MX_TIM7_Init      tim.o
    0x0800384c   0x0800384c   0x0000009c   Code   RO          389    i.MX_USART1_UART_Init  usart.o
    0x080038e8   0x080038e8   0x00000068   Code   RO          390    i.MX_USART2_UART_Init  usart.o
    0x08003950   0x08003950   0x00000068   Code   RO          391    i.MX_USART3_UART_Init  usart.o
    0x080039b8   0x080039b8   0x00000002   Code   RO          445    i.MemManage_Handler  stm32g4xx_it.o
    0x080039ba   0x080039ba   0x00000002   Code   RO          446    i.NMI_Handler       stm32g4xx_it.o
    0x080039bc   0x080039bc   0x00000034   Code   RO         4335    i.OLED_Clear        oled.o
    0x080039f0   0x080039f0   0x00000020   Code   RO         4341    i.OLED_Init         oled.o
    0x08003a10   0x08003a10   0x00000022   Code   RO         4344    i.OLED_Set_Pos      oled.o
    0x08003a32   0x08003a32   0x00000002   PAD
    0x08003a34   0x08003a34   0x0000009c   Code   RO         4346    i.OLED_ShowChar     oled.o
    0x08003ad0   0x08003ad0   0x00000058   Code   RO         4348    i.OLED_ShowString   oled.o
    0x08003b28   0x08003b28   0x00000024   Code   RO         4352    i.OLED_WR_CMD       oled.o
    0x08003b4c   0x08003b4c   0x00000024   Code   RO         4353    i.OLED_WR_DATA      oled.o
    0x08003b70   0x08003b70   0x00000002   Code   RO          447    i.PendSV_Handler    stm32g4xx_it.o
    0x08003b72   0x08003b72   0x00000002   PAD
    0x08003b74   0x08003b74   0x0000008c   Code   RO         4995    i.Penstring_Locate  servo_move.o
    0x08003c00   0x08003c00   0x00000254   Code   RO         4996    i.Penstring_Moving_1  servo_move.o
    0x08003e54   0x08003e54   0x00000020   Code   RO         4900    i.Pow_invert        master_pc.o
    0x08003e74   0x08003e74   0x000000ac   Code   RO         4354    i.RECTANGLE_MOVE_Menu  oled.o
    0x08003f20   0x08003f20   0x00000010   Code   RO         4584    i.RingBuffer_GetByteFree  ring_buffer.o
    0x08003f30   0x08003f30   0x00000016   Code   RO         4585    i.RingBuffer_GetByteUsed  ring_buffer.o
    0x08003f46   0x08003f46   0x00000026   Code   RO         4587    i.RingBuffer_GetChecksum  ring_buffer.o
    0x08003f6c   0x08003f6c   0x0000002a   Code   RO         4588    i.RingBuffer_GetValueByIndex  ring_buffer.o
    0x08003f96   0x08003f96   0x00000020   Code   RO         4589    i.RingBuffer_Init   ring_buffer.o
    0x08003fb6   0x08003fb6   0x0000001a   Code   RO         4590    i.RingBuffer_IsEmpty  ring_buffer.o
    0x08003fd0   0x08003fd0   0x00000010   Code   RO         4591    i.RingBuffer_IsFull  ring_buffer.o
    0x08003fe0   0x08003fe0   0x0000002a   Code   RO         4592    i.RingBuffer_Pop    ring_buffer.o
    0x0800400a   0x0800400a   0x0000002a   Code   RO         4593    i.RingBuffer_Push   ring_buffer.o
    0x08004034   0x08004034   0x00000004   Code   RO         4594    i.RingBuffer_ReadByte  ring_buffer.o
    0x08004038   0x08004038   0x00000004   Code   RO         4602    i.RingBuffer_WriteByte  ring_buffer.o
    0x0800403c   0x0800403c   0x0000001e   Code   RO         4603    i.RingBuffer_WriteByteArray  ring_buffer.o
    0x0800405a   0x0800405a   0x0000000c   Code   RO         4608    i.RingBuffer_WriteUShort  ring_buffer.o
    0x08004066   0x08004066   0x00000002   PAD
    0x08004068   0x08004068   0x0000007c   Code   RO         4901    i.RxPacket_Data_Handle  master_pc.o
    0x080040e4   0x080040e4   0x00000002   Code   RO          448    i.SVC_Handler       stm32g4xx_it.o
    0x080040e6   0x080040e6   0x00000002   PAD
    0x080040e8   0x080040e8   0x00000054   Code   RO         4997    i.Servo_Position_PID  servo_move.o
    0x0800413c   0x0800413c   0x00000118   Code   RO         4999    i.Set_LaserTracking  servo_move.o
    0x08004254   0x08004254   0x00000138   Code   RO         5000    i.Set_RectangleXY   servo_move.o
    0x0800438c   0x0800438c   0x00000004   Code   RO          449    i.SysTick_Handler   stm32g4xx_it.o
    0x08004390   0x08004390   0x00000068   Code   RO           16    i.SystemClock_Config  main.o
    0x080043f8   0x080043f8   0x00000010   Code   RO         4292    i.SystemInit        system_stm32g4xx.o
    0x08004408   0x08004408   0x0000000c   Code   RO          450    i.TIM6_DAC_IRQHandler  stm32g4xx_it.o
    0x08004414   0x08004414   0x0000000c   Code   RO          451    i.TIM7_IRQHandler   stm32g4xx_it.o
    0x08004420   0x08004420   0x000000bc   Code   RO         2703    i.TIM_Base_SetConfig  stm32g4xx_hal_tim.o
    0x080044dc   0x080044dc   0x00000018   Code   RO         4747    i.Tick_CountdownBegin  tick.o
    0x080044f4   0x080044f4   0x00000014   Code   RO         4748    i.Tick_CountdownCancel  tick.o
    0x08004508   0x08004508   0x00000014   Code   RO         4749    i.Tick_CountdownIsTimeout  tick.o
    0x0800451c   0x0800451c   0x00000014   Code   RO         4750    i.Tick_DelayMs      tick.o
    0x08004530   0x08004530   0x00000024   Code   RO         4752    i.Tick_Wait         tick.o
    0x08004554   0x08004554   0x00000044   Code   RO         4187    i.UARTEx_SetNbDataToProcess  stm32g4xx_hal_uart_ex.o
    0x08004598   0x08004598   0x000000c8   Code   RO         3796    i.UART_AdvFeatureConfig  stm32g4xx_hal_uart.o
    0x08004660   0x08004660   0x000000ac   Code   RO         3797    i.UART_CheckIdleState  stm32g4xx_hal_uart.o
    0x0800470c   0x0800470c   0x00000010   Code   RO         3798    i.UART_DMAAbortOnError  stm32g4xx_hal_uart.o
    0x0800471c   0x0800471c   0x00000050   Code   RO         3799    i.UART_DMAError     stm32g4xx_hal_uart.o
    0x0800476c   0x0800476c   0x00000086   Code   RO         3800    i.UART_DMAReceiveCplt  stm32g4xx_hal_uart.o
    0x080047f2   0x080047f2   0x00000020   Code   RO         3802    i.UART_DMARxHalfCplt  stm32g4xx_hal_uart.o
    0x08004812   0x08004812   0x00000002   PAD
    0x08004814   0x08004814   0x00000054   Code   RO         3808    i.UART_EndRxTransfer  stm32g4xx_hal_uart.o
    0x08004868   0x08004868   0x0000002e   Code   RO         3809    i.UART_EndTxTransfer  stm32g4xx_hal_uart.o
    0x08004896   0x08004896   0x00000002   PAD
    0x08004898   0x08004898   0x000000c8   Code   RO         3810    i.UART_RxISR_16BIT  stm32g4xx_hal_uart.o
    0x08004960   0x08004960   0x000001a0   Code   RO         3811    i.UART_RxISR_16BIT_FIFOEN  stm32g4xx_hal_uart.o
    0x08004b00   0x08004b00   0x000000c8   Code   RO         3812    i.UART_RxISR_8BIT   stm32g4xx_hal_uart.o
    0x08004bc8   0x08004bc8   0x000001a0   Code   RO         3813    i.UART_RxISR_8BIT_FIFOEN  stm32g4xx_hal_uart.o
    0x08004d68   0x08004d68   0x00000274   Code   RO         3814    i.UART_SetConfig    stm32g4xx_hal_uart.o
    0x08004fdc   0x08004fdc   0x000000a8   Code   RO         3815    i.UART_Start_Receive_DMA  stm32g4xx_hal_uart.o
    0x08005084   0x08005084   0x00000110   Code   RO         3816    i.UART_Start_Receive_IT  stm32g4xx_hal_uart.o
    0x08005194   0x08005194   0x00000094   Code   RO         3821    i.UART_WaitOnFlagUntilTimeout  stm32g4xx_hal_uart.o
    0x08005228   0x08005228   0x0000000c   Code   RO          452    i.USART1_IRQHandler  stm32g4xx_it.o
    0x08005234   0x08005234   0x0000000c   Code   RO          453    i.USART2_IRQHandler  stm32g4xx_it.o
    0x08005240   0x08005240   0x0000000c   Code   RO          454    i.USART3_IRQHandler  stm32g4xx_it.o
    0x0800524c   0x0800524c   0x0000003c   Code   RO         4811    i.USL_GETPositionVal  uart_servo_lite.o
    0x08005288   0x08005288   0x0000011e   Code   RO         4812    i.USL_RecvPackage   uart_servo_lite.o
    0x080053a6   0x080053a6   0x00000002   PAD
    0x080053a8   0x080053a8   0x0000005c   Code   RO         4814    i.USL_SetServoAngle  uart_servo_lite.o
    0x08005404   0x08005404   0x00000002   Code   RO          455    i.UsageFault_Handler  stm32g4xx_it.o
    0x08005406   0x08005406   0x0000002c   Code   RO         4816    i.Usart_SendAll     uart_servo_lite.o
    0x08005432   0x08005432   0x00000020   Code   RO         2481    i.__NVIC_SetPriority  stm32g4xx_hal_cortex.o
    0x08005452   0x08005452   0x0000000e   Code   RO         5108    i._is_digit         c_w.l(__printf_wp.o)
    0x08005460   0x08005460   0x00000014   Code   RO         5001    i.limit_SetAngle    servo_move.o
    0x08005474   0x08005474   0x00000140   Code   RO           17    i.main              main.o
    0x080055b4   0x080055b4   0x00000100   Code   RO         4355    i.menu1             oled.o
    0x080056b4   0x080056b4   0x00000018   Code   RO         5152    x$fpl$dcmpinf       fz_wm.l(dcmpi.o)
    0x080056cc   0x080056cc   0x0000005a   Code   RO         5126    x$fpl$dfixu         fz_wm.l(dfixu.o)
    0x08005726   0x08005726   0x0000002e   Code   RO         5131    x$fpl$dflt          fz_wm.l(dflt_clz.o)
    0x08005754   0x08005754   0x00000026   Code   RO         5130    x$fpl$dfltu         fz_wm.l(dflt_clz.o)
    0x0800577a   0x0800577a   0x00000002   PAD
    0x0800577c   0x0800577c   0x00000078   Code   RO         5136    x$fpl$dleqf         fz_wm.l(dleqf.o)
    0x080057f4   0x080057f4   0x00000154   Code   RO         5138    x$fpl$dmul          fz_wm.l(dmul.o)
    0x08005948   0x08005948   0x0000009c   Code   RO         5154    x$fpl$dnaninf       fz_wm.l(dnaninf.o)
    0x080059e4   0x080059e4   0x0000000c   Code   RO         5156    x$fpl$dretinf       fz_wm.l(dretinf.o)
    0x080059f0   0x080059f0   0x0000000a   Code   RO         5263    x$fpl$fpinit        fz_wm.l(fpinit.o)
    0x080059fa   0x080059fa   0x00000000   Code   RO         5158    x$fpl$usenofp       fz_wm.l(usenofp.o)
    0x080059fa   0x080059fa   0x00000018   Data   RO         3822    .constdata          stm32g4xx_hal_uart.o
    0x08005a12   0x08005a12   0x00000010   Data   RO         4188    .constdata          stm32g4xx_hal_uart_ex.o
    0x08005a22   0x08005a22   0x00000010   Data   RO         4293    .constdata          system_stm32g4xx.o
    0x08005a32   0x08005a32   0x00000008   Data   RO         4294    .constdata          system_stm32g4xx.o
    0x08005a3a   0x08005a3a   0x00000228   Data   RO         4533    .constdata          oledfont.o
    0x08005c62   0x08005c62   0x000005e0   Data   RO         4534    .constdata          oledfont.o
    0x08006242   0x08006242   0x00000002   PAD
    0x08006244   0x08006244   0x00000020   Data   RO         5321    Region$$Table       anon$$obj.o


    Execution Region RW_IRAM1 (Exec base: 0x20000000, Load base: 0x08006264, Size: 0x00000ff8, Max: 0x00008000, ABSOLUTE)

    Exec Addr    Load Addr    Size         Type   Attr      Idx    E Section Name        Object

    0x20000000   0x08006264   0x00000013   Data   RW           20    .data               main.o
    0x20000013   0x08006277   0x00000001   Data   RW           21    .data               main.o
    0x20000014   0x08006278   0x00000001   Data   RW           22    .data               main.o
    0x20000015   0x08006279   0x00000001   Data   RW           23    .data               main.o
    0x20000016   0x0800627a   0x00000002   PAD
    0x20000018   0x0800627c   0x0000000c   Data   RW         1141    .data               stm32g4xx_hal.o
    0x20000024   0x08006288   0x00000004   Data   RW         4295    .data               system_stm32g4xx.o
    0x20000028   0x0800628c   0x0000001d   Data   RW         4358    .data               oled.o
    0x20000045   0x080062a9   0x00000003   PAD
    0x20000048   0x080062ac   0x00000004   Data   RW         4359    .data               oled.o
    0x2000004c   0x080062b0   0x00000004   Data   RW         4360    .data               oled.o
    0x20000050   0x080062b4   0x00000004   Data   RW         4361    .data               oled.o
    0x20000054   0x080062b8   0x00000004   Data   RW         4753    .data               tick.o
    0x20000058   0x080062bc   0x00000004   Data   RW         4822    .data               uart_servo_lite.o
    0x2000005c   0x080062c0   0x00000001   Data   RW         4961    .data               variable.o
    0x2000005d   0x080062c1   0x00000001   Data   RW         4962    .data               variable.o
    0x2000005e   0x080062c2   0x00000001   Data   RW         4963    .data               variable.o
    0x2000005f   0x080062c3   0x00000001   Data   RW         4964    .data               variable.o
    0x20000060   0x080062c4   0x00000001   Data   RW         4965    .data               variable.o
    0x20000061   0x080062c5   0x00000001   Data   RW         4966    .data               variable.o
    0x20000062   0x080062c6   0x00000001   Data   RW         4967    .data               variable.o
    0x20000063   0x080062c7   0x00000001   Data   RW         4968    .data               variable.o
    0x20000064   0x080062c8   0x0000003c   Data   RW         5006    .data               servo_move.o
    0x200000a0   0x08006304   0x00000002   Data   RW         5012    .data               servo_move.o
    0x200000a2   0x08006306   0x00000002   Data   RW         5013    .data               servo_move.o
    0x200000a4   0x08006308   0x00000002   Data   RW         5014    .data               servo_move.o
    0x200000a6   0x0800630a   0x00000002   PAD
    0x200000a8        -       0x00000014   Zero   RW           19    .bss                main.o
    0x200000bc        -       0x00000054   Zero   RW          300    .bss                i2c.o
    0x20000110        -       0x00000098   Zero   RW          343    .bss                tim.o
    0x200001a8        -       0x0000021c   Zero   RW          392    .bss                usart.o
    0x200003c4        -       0x00000024   Zero   RW         4357    .bss                oled.o
    0x200003e8        -       0x000001f5   Zero   RW         4817    .bss                uart_servo_lite.o
    0x200005dd        -       0x000001f5   Zero   RW         4818    .bss                uart_servo_lite.o
    0x200007d2   0x0800630a   0x00000002   PAD
    0x200007d4        -       0x0000000c   Zero   RW         4819    .bss                uart_servo_lite.o
    0x200007e0        -       0x0000000c   Zero   RW         4820    .bss                uart_servo_lite.o
    0x200007ec        -       0x0000000c   Zero   RW         4821    .bss                uart_servo_lite.o
    0x200007f8        -       0x00000064   Zero   RW         4958    .bss                variable.o
    0x2000085c        -       0x00000064   Zero   RW         4959    .bss                variable.o
    0x200008c0        -       0x00000020   Zero   RW         4960    .bss                variable.o
    0x200008e0        -       0x00000038   Zero   RW         5002    .bss                servo_move.o
    0x20000918        -       0x00000080   Zero   RW         5003    .bss                servo_move.o
    0x20000998        -       0x00000060   Zero   RW         5193    .bss                c_w.l(libspace.o)
    0x200009f8        -       0x00000200   Zero   RW            2    HEAP                startup_stm32g431xx.o
    0x20000bf8        -       0x00000400   Zero   RW            1    STACK               startup_stm32g431xx.o


==============================================================================

Image component sizes


      Code (inc. data)   RO Data    RW Data    ZI Data      Debug   Object Name

        60          4          0          0          0        810   dma.o
       228         12          0          0          0       1007   gpio.o
       264         24          0          0         84       1789   i2c.o
      1112        146          0         22         20     654779   main.o
       216         32          0          0          0       3526   master_pc.o
       880         32          0          0          0       2014   my_keyboard.o
      2010        294          0         41         36      11887   oled.o
         0          0       2056          0          0        682   oledfont.o
       326          0          0          0          0       9628   ring_buffer.o
      1552        134          0         66        184       7998   servo_move.o
        64         26        472          0       1536        844   startup_stm32g431xx.o
       162         24          0         12          0       4325   stm32g4xx_hal.o
       198         14          0          0          0      33839   stm32g4xx_hal_cortex.o
       906         30          0          0          0       6570   stm32g4xx_hal_dma.o
       604         34          0          0          0       3003   stm32g4xx_hal_gpio.o
      1280         22          0          0          0      10203   stm32g4xx_hal_i2c.o
       208         10          0          0          0       2586   stm32g4xx_hal_i2c_ex.o
        48          6          0          0          0        866   stm32g4xx_hal_msp.o
       204         18          0          0          0       1405   stm32g4xx_hal_pwr_ex.o
      1684         88          0          0          0       6268   stm32g4xx_hal_rcc.o
       648         10          0          0          0       1884   stm32g4xx_hal_rcc_ex.o
       880         54          0          0          0       7764   stm32g4xx_hal_tim.o
       170         24          0          0          0       5428   stm32g4xx_hal_tim_ex.o
      4440        162         24          0          0      41904   stm32g4xx_hal_uart.o
       288          6         16          0          0       5370   stm32g4xx_hal_uart_ex.o
        92         36          0          0          0       6985   stm32g4xx_it.o
        16          4         24          4          0       1127   system_stm32g4xx.o
       120         38          0          4          0       3204   tick.o
       244         34          0          0        152       2247   tim.o
       666         14          0          4       1038       7890   uart_servo_lite.o
       760         80          0          0        540       3419   usart.o
         0          0          0          8        232       1348   variable.o

    ----------------------------------------------------------------------
     20356       1412       2626        168       3824     852599   Object Totals
         0          0         32          0          0          0   (incl. Generated)
        26          0          2          7          2          0   (incl. Padding)

    ----------------------------------------------------------------------

      Code (inc. data)   RO Data    RW Data    ZI Data      Debug   Library Member Name

         8          0          0          0          0         68   __main.o
       284          0          0          0          0        156   __printf_wp.o
         0          0          0          0          0          0   __rtentry.o
        12          0          0          0          0          0   __rtentry2.o
         6          0          0          0          0          0   __rtentry4.o
        52          8          0          0          0          0   __scatter.o
        26          0          0          0          0          0   __scatter_copy.o
        28          0          0          0          0          0   __scatter_zi.o
        48          6          0          0          0         96   _printf_char_common.o
         6          0          0          0          0          0   _printf_d.o
       120         16          0          0          0         92   _printf_dec.o
       178          0          0          0          0         88   _printf_intcommon.o
        78          0          0          0          0        108   _printf_pad.o
         0          0          0          0          0          0   _printf_percent.o
         4          0          0          0          0          0   _printf_percent_end.o
        10          0          0          0          0         68   _sputc.o
        18          0          0          0          0         80   exit.o
         6          0          0          0          0        152   heapauxi.o
         0          0          0          0          0          0   indicate_semi.o
         2          0          0          0          0          0   libinit.o
         6          0          0          0          0          0   libinit2.o
         2          0          0          0          0          0   libshutdown.o
         2          0          0          0          0          0   libshutdown2.o
         8          4          0          0         96         68   libspace.o
       238          0          0          0          0        100   lludivv7m.o
        40          6          0          0          0         84   noretval__2sprintf.o
        78          0          0          0          0         80   rt_memclr_w.o
         2          0          0          0          0          0   rtexit.o
        10          0          0          0          0          0   rtexit2.o
        12          4          0          0          0         68   sys_exit.o
        74          0          0          0          0         80   sys_stackheap_outer.o
         2          0          0          0          0         68   use_no_semi.o
        24          0          0          0          0        116   dcmpi.o
        90          4          0          0          0        140   dfixu.o
        84          0          0          0          0        232   dflt_clz.o
       120          4          0          0          0        140   dleqf.o
       340         12          0          0          0        152   dmul.o
       156          4          0          0          0        140   dnaninf.o
        12          0          0          0          0        116   dretinf.o
        10          0          0          0          0        116   fpinit.o
         0          0          0          0          0          0   usenofp.o

    ----------------------------------------------------------------------
      2206         68          0          0         96       2608   Library Totals
        10          0          0          0          0          0   (incl. Padding)

    ----------------------------------------------------------------------

      Code (inc. data)   RO Data    RW Data    ZI Data      Debug   Library Name

      1360         44          0          0         96       1456   c_w.l
       836         24          0          0          0       1152   fz_wm.l

    ----------------------------------------------------------------------
      2206         68          0          0         96       2608   Library Totals

    ----------------------------------------------------------------------

==============================================================================


      Code (inc. data)   RO Data    RW Data    ZI Data      Debug   

     22562       1480       2626        168       3920     836931   Grand Totals
     22562       1480       2626        168       3920     836931   ELF Image Totals
     22562       1480       2626        168          0          0   ROM Totals

==============================================================================

    Total RO  Size (Code + RO Data)                25188 (  24.60kB)
    Total RW  Size (RW Data + ZI Data)              4088 (   3.99kB)
    Total ROM Size (Code + RO Data + RW Data)      25356 (  24.76kB)

==============================================================================

